Archive member included because of file (symbol)

C:\Documents and Settings\DESD30\My Documents\LPCXpresso_5.0.14_1109\sat_irq\lpc17xx.cmsis.driver.library\Debug\liblpc17xx.cmsis.driver.library.a(lpc17xx_can.o)
                              ./Source/FreeRTOS-Products/FreeRTOS-Plus-IO/Device/LPC17xx/FreeRTOS_lpc17xx_can.o (can_SetBaudrate)
C:\Documents and Settings\DESD30\My Documents\LPCXpresso_5.0.14_1109\sat_irq\lpc17xx.cmsis.driver.library\Debug\liblpc17xx.cmsis.driver.library.a(lpc17xx_clkpwr.o)
                              C:\Documents and Settings\DESD30\My Documents\LPCXpresso_5.0.14_1109\sat_irq\lpc17xx.cmsis.driver.library\Debug\liblpc17xx.cmsis.driver.library.a(lpc17xx_can.o) (CLKPWR_SetPCLKDiv)
C:\Documents and Settings\DESD30\My Documents\LPCXpresso_5.0.14_1109\sat_irq\lpc17xx.cmsis.driver.library\Debug\liblpc17xx.cmsis.driver.library.a(lpc17xx_gpio.o)
                              ./Source/Examples/GPIO/GPIO-output-and-software-timers.o (GPIO_SetDir)
C:\Documents and Settings\DESD30\My Documents\LPCXpresso_5.0.14_1109\sat_irq\lpc17xx.cmsis.driver.library\Debug\liblpc17xx.cmsis.driver.library.a(lpc17xx_i2c.o)
                              ./Source/FreeRTOS-Products/FreeRTOS-Plus-IO/Device/LPC17xx/FreeRTOS_lpc17xx_i2c.o (I2C_Stop)
C:\Documents and Settings\DESD30\My Documents\LPCXpresso_5.0.14_1109\sat_irq\lpc17xx.cmsis.driver.library\Debug\liblpc17xx.cmsis.driver.library.a(lpc17xx_libcfg_default.o)
                              C:\Documents and Settings\DESD30\My Documents\LPCXpresso_5.0.14_1109\sat_irq\lpc17xx.cmsis.driver.library\Debug\liblpc17xx.cmsis.driver.library.a(lpc17xx_can.o) (check_failed)
C:\Documents and Settings\DESD30\My Documents\LPCXpresso_5.0.14_1109\sat_irq\lpc17xx.cmsis.driver.library\Debug\liblpc17xx.cmsis.driver.library.a(lpc17xx_pinsel.o)
                              ./Source/FreeRTOS-Products/FreeRTOS-Plus-IO/Device/LPC17xx/FreeRTOS_lpc17xx_can.o (PINSEL_ConfigPin)
C:\Documents and Settings\DESD30\My Documents\LPCXpresso_5.0.14_1109\sat_irq\lpc17xx.cmsis.driver.library\Debug\liblpc17xx.cmsis.driver.library.a(lpc17xx_ssp.o)
                              ./Source/FreeRTOS-Products/FreeRTOS-Plus-IO/Device/LPC17xx/FreeRTOS_lpc17xx_ssp.o (SSP_Init)
C:\Documents and Settings\DESD30\My Documents\LPCXpresso_5.0.14_1109\sat_irq\lpc17xx.cmsis.driver.library\Debug\liblpc17xx.cmsis.driver.library.a(lpc17xx_uart.o)
                              ./Source/FreeRTOS-Products/FreeRTOS-Plus-IO/Device/LPC17xx/FreeRTOS_lpc17xx_uart.o (UART_Init)
C:\Documents and Settings\DESD30\My Documents\LPCXpresso_5.0.14_1109\sat_irq\CMSISv2p00_LPC17xx\Debug\libCMSISv2p00_LPC17xx.a(system_LPC17xx.o)
                              ./Source/cr_startup_lpc176x.o (SystemInit)
c:/nxp/lpcxpresso_5.0.14_1109/lpcxpresso/tools/bin/../lib/gcc/arm-none-eabi/4.6.2/../../../../arm-none-eabi/lib/armv7-m\libcr_nohost.a(_cr__main.o)
                              ./Source/cr_startup_lpc176x.o (__main)
c:/nxp/lpcxpresso_5.0.14_1109/lpcxpresso/tools/bin/../lib/gcc/arm-none-eabi/4.6.2/../../../../arm-none-eabi/lib/armv7-m\libcr_c.a(memcpy.o)
                              ./Source/FreeRTOS-Products/FreeRTOS-Plus-IO/Common/IOUtils_CircularBufferRx.o (memcpy)
c:/nxp/lpcxpresso_5.0.14_1109/lpcxpresso/tools/bin/../lib/gcc/arm-none-eabi/4.6.2/../../../../arm-none-eabi/lib/armv7-m\libcr_c.a(memset.o)
                              ./Source/FreeRTOS-Products/FreeRTOS/tasks.o (memset)
c:/nxp/lpcxpresso_5.0.14_1109/lpcxpresso/tools/bin/../lib/gcc/arm-none-eabi/4.6.2/../../../../arm-none-eabi/lib/armv7-m\libcr_c.a(initio.o)
                              c:/nxp/lpcxpresso_5.0.14_1109/lpcxpresso/tools/bin/../lib/gcc/arm-none-eabi/4.6.2/../../../../arm-none-eabi/lib/armv7-m\libcr_nohost.a(_cr__main.o) (_initio)
c:/nxp/lpcxpresso_5.0.14_1109/lpcxpresso/tools/bin/../lib/gcc/arm-none-eabi/4.6.2/../../../../arm-none-eabi/lib/armv7-m\libcr_c.a(memcmp.o)
                              ./Source/FreeRTOS-Products/FreeRTOS/tasks.o (memcmp)
c:/nxp/lpcxpresso_5.0.14_1109/lpcxpresso/tools/bin/../lib/gcc/arm-none-eabi/4.6.2/../../../../arm-none-eabi/lib/armv7-m\libcr_c.a(setvbuf.o)
                              c:/nxp/lpcxpresso_5.0.14_1109/lpcxpresso/tools/bin/../lib/gcc/arm-none-eabi/4.6.2/../../../../arm-none-eabi/lib/armv7-m\libcr_c.a(initio.o) (setvbuf)
c:/nxp/lpcxpresso_5.0.14_1109/lpcxpresso/tools/bin/../lib/gcc/arm-none-eabi/4.6.2/../../../../arm-none-eabi/lib/armv7-m\libcr_c.a(stdio.o)
                              c:/nxp/lpcxpresso_5.0.14_1109/lpcxpresso/tools/bin/../lib/gcc/arm-none-eabi/4.6.2/../../../../arm-none-eabi/lib/armv7-m\libcr_c.a(initio.o) (__Ciob)
c:/nxp/lpcxpresso_5.0.14_1109/lpcxpresso/tools/bin/../lib/gcc/arm-none-eabi/4.6.2/../../../../arm-none-eabi/lib/armv7-m\libcr_c.a(strcat.o)
                              ./Source/FreeRTOS-Products/FreeRTOS/tasks.o (strcat)
[...]
Memory Configuration

Name             Origin             Length             Attributes
MFlash512        0x00000000         0x00080000         xr
RamLoc32         0x10000000         0x00008000         xrw
RamAHB32         0x2007c000         0x00008000         xrw
*default*        0x00000000         0xffffffff

Linker script and memory map

LOAD ./Source/FreeRTOS-Products/FreeRTOS/portable/MemMang/heap_2.o
LOAD ./Source/FreeRTOS-Products/FreeRTOS/portable/GCC/ARM_CM3/port.o
LOAD ./Source/FreeRTOS-Products/FreeRTOS-Plus-IO/Device/LPC17xx/FreeRTOS_lpc17xx_DriverInterface.o
LOAD ./Source/FreeRTOS-Products/FreeRTOS-Plus-IO/Device/LPC17xx/FreeRTOS_lpc17xx_can.o
LOAD ./Source/FreeRTOS-Products/FreeRTOS-Plus-IO/Device/LPC17xx/FreeRTOS_lpc17xx_i2c.o
LOAD ./Source/FreeRTOS-Products/FreeRTOS-Plus-IO/Device/LPC17xx/FreeRTOS_lpc17xx_ssp.o
LOAD ./Source/FreeRTOS-Products/FreeRTOS-Plus-IO/Device/LPC17xx/FreeRTOS_lpc17xx_uart.o
LOAD ./Source/FreeRTOS-Products/FreeRTOS-Plus-IO/Common/FreeRTOS_DriverInterface.o
LOAD ./Source/FreeRTOS-Products/FreeRTOS-Plus-IO/Common/FreeRTOS_IOUtils.o
LOAD ./Source/FreeRTOS-Products/FreeRTOS-Plus-IO/Common/IOUtils_CharQueueTxAndRx.o
LOAD ./Source/FreeRTOS-Products/FreeRTOS-Plus-IO/Common/IOUtils_CircularBufferRx.o
LOAD ./Source/FreeRTOS-Products/FreeRTOS-Plus-IO/Common/IOUtils_ZeroCopyTx.o
LOAD ./Source/FreeRTOS-Products/FreeRTOS-Plus-CLI/FreeRTOS_CLI.o
LOAD ./Source/FreeRTOS-Products/FreeRTOS/croutine.o
LOAD ./Source/FreeRTOS-Products/FreeRTOS/list.o
LOAD ./Source/FreeRTOS-Products/FreeRTOS/queue.o
LOAD ./Source/FreeRTOS-Products/FreeRTOS/tasks.o
LOAD ./Source/FreeRTOS-Products/FreeRTOS/timers.o
LOAD ./Source/Examples/UART/newuart.o
LOAD ./Source/Examples/GPIO/GPIO-output-and-software-timers.o
LOAD ./Source/Examples/CAN/can.o
LOAD ./Source/cr_startup_lpc176x.o
LOAD ./Source/main.o
LOAD ./Source/printf-stdarg.o
LOAD C:\Documents and Settings\DESD30\My Documents\LPCXpresso_5.0.14_1109\sat_irq\lpc17xx.cmsis.driver.library\Debug\liblpc17xx.cmsis.driver.library.a
LOAD C:\Documents and Settings\DESD30\My Documents\LPCXpresso_5.0.14_1109\sat_irq\CMSISv2p00_LPC17xx\Debug\libCMSISv2p00_LPC17xx.a
START GROUP
LOAD c:/nxp/lpcxpresso_5.0.14_1109/lpcxpresso/tools/bin/../lib/gcc/arm-none-eabi/4.6.2/../../../../arm-none-eabi/lib/armv7-m\libcr_nohost.a
LOAD c:/nxp/lpcxpresso_5.0.14_1109/lpcxpresso/tools/bin/../lib/gcc/arm-none-eabi/4.6.2/../../../../arm-none-eabi/lib/armv7-m\libcr_c.a
LOAD c:/nxp/lpcxpresso_5.0.14_1109/lpcxpresso/tools/bin/../lib/gcc/arm-none-eabi/4.6.2/armv7-m\libcr_eabihelpers.a
END GROUP
                0x00080000                __top_MFlash512 = 0x80000
                0x10008000                __top_RamLoc32 = 0x10008000
                0x20084000                __top_RamAHB32 = 0x20084000

.text           0x00000000     0x9408
 FILL mask 0xff
 *(.isr_vector)
 .isr_vector    0x00000000       0xcc ./Source/cr_startup_lpc176x.o
                0x00000000                g_pfnVectors
                0x000000cc                . = ALIGN (0x4)
                0x000000cc                __section_table_start = .
                0x000000cc                __data_section_table = .
                0x000000cc        0x4 LONG 0x9408 LOADADDR (.data)
                0x000000d0        0x4 LONG 0x10000000 ADDR (.data)
                0x000000d4        0x4 LONG 0x20 SIZEOF (.data)
                0x000000d8        0x4 LONG 0x9408 LOADADDR (.data_RAM2)
                0x000000dc        0x4 LONG 0x2007c000 ADDR (.data_RAM2)
                0x000000e0        0x4 LONG 0x0 SIZEOF (.data_RAM2)
                0x000000e4                __data_section_table_end = .
                0x000000e4                __bss_section_table = .
                0x000000e4        0x4 LONG 0x10000020 ADDR (.bss)
                0x000000e8        0x4 LONG 0x40d0 SIZEOF (.bss)
                0x000000ec        0x4 LONG 0x2007c000 ADDR (.bss_RAM2)
                0x000000f0        0x4 LONG 0x0 SIZEOF (.bss_RAM2)
                0x000000f4                __bss_section_table_end = .
                0x000000f4                __section_table_end = .
 *(.after_vectors*)
 .after_vectors
                0x000000f4       0x94 ./Source/cr_startup_lpc176x.o
                0x000000f4                NMI_Handler
                0x000000f6                HardFault_Handler
                0x00000112                MemManage_Handler
                0x00000114                BusFault_Handler
                0x00000116                UsageFault_Handler
                0x0000011a                DebugMon_Handler
                0x00000120                data_init
                0x00000132                bss_init
                0x00000142                ResetISR
                0x00000184                EINT2_IRQHandler
                0x00000184                EINT3_IRQHandler
                0x00000184                CANActivity_IRQHandler
                0x00000184                TIMER3_IRQHandler
                0x00000184                I2C1_IRQHandler
                0x00000184                PWM1_IRQHandler
                0x00000184                IntDefaultHandler
                0x00000184                PLL0_IRQHandler
                0x00000184                USBActivity_IRQHandler
                0x00000184                SSP0_IRQHandler
                0x00000184                I2S_IRQHandler
                0x00000184                RTC_IRQHandler
                0x00000184                TIMER0_IRQHandler
                0x00000184                SPI_IRQHandler
                0x00000184                I2C0_IRQHandler
                0x00000184                EINT1_IRQHandler
                0x00000184                TIMER1_IRQHandler
                0x00000184                UART2_IRQHandler
                0x00000184                ADC_IRQHandler
                0x00000184                USB_IRQHandler
                0x00000184                BOD_IRQHandler
                0x00000184                RIT_IRQHandler
                0x00000184                WDT_IRQHandler
                0x00000184                QEI_IRQHandler
                0x00000184                EINT0_IRQHandler
                0x00000184                PLL1_IRQHandler
                0x00000184                DMA_IRQHandler
                0x00000184                TIMER2_IRQHandler
                0x00000184                MCPWM_IRQHandler
                0x00000184                ENET_IRQHandler
 *(.text*)
 .text.pvPortMalloc
                0x00000188      0x1bc ./Source/FreeRTOS-Products/FreeRTOS/portable/MemMang/heap_2.o
                0x00000188                pvPortMalloc
 .text.vPortFree
                0x00000344       0x88 ./Source/FreeRTOS-Products/FreeRTOS/portable/MemMang/heap_2.o
                0x00000344                vPortFree
 .text.pxPortInitialiseStack
                0x000003cc       0x60 ./Source/FreeRTOS-Products/FreeRTOS/portable/GCC/ARM_CM3/port.o
                0x000003cc                pxPortInitialiseStack
 .text.SVCall_Handler
                0x0000042c       0x20 ./Source/FreeRTOS-Products/FreeRTOS/portable/GCC/ARM_CM3/port.o
                0x0000042c                SVCall_Handler
 .text.prvPortStartFirstTask
                0x0000044c       0x14 ./Source/FreeRTOS-Products/FreeRTOS/portable/GCC/ARM_CM3/port.o
 .text.xPortStartScheduler
                0x00000460       0x54 ./Source/FreeRTOS-Products/FreeRTOS/portable/GCC/ARM_CM3/port.o
                0x00000460                xPortStartScheduler
 .text.vPortYieldFromISR
                0x000004b4       0x18 ./Source/FreeRTOS-Products/FreeRTOS/portable/GCC/ARM_CM3/port.o
                0x000004b4                vPortYieldFromISR
 .text.vPortEnterCritical
                0x000004cc       0x24 ./Source/FreeRTOS-Products/FreeRTOS/portable/GCC/ARM_CM3/port.o
                0x000004cc                vPortEnterCritical
 .text.vPortExitCritical
                0x000004f0       0x34 ./Source/FreeRTOS-Products/FreeRTOS/portable/GCC/ARM_CM3/port.o
                0x000004f0                vPortExitCritical
 .text.ulPortSetInterruptMask
                0x00000524       0x14 ./Source/FreeRTOS-Products/FreeRTOS/portable/GCC/ARM_CM3/port.o
                0x00000524                ulPortSetInterruptMask
 .text.vPortClearInterruptMask
                0x00000538        0x8 ./Source/FreeRTOS-Products/FreeRTOS/portable/GCC/ARM_CM3/port.o
                0x00000538                vPortClearInterruptMask
 .text.PendSV_Handler
                0x00000540       0x3c ./Source/FreeRTOS-Products/FreeRTOS/portable/GCC/ARM_CM3/port.o
                0x00000540                PendSV_Handler
 .text.SysTick_Handler
                0x0000057c       0x24 ./Source/FreeRTOS-Products/FreeRTOS/portable/GCC/ARM_CM3/port.o
                0x0000057c                SysTick_Handler
 .text.vPortSetupTimerInterrupt
                0x000005a0       0x40 ./Source/FreeRTOS-Products/FreeRTOS/portable/GCC/ARM_CM3/port.o
                0x000005a0                vPortSetupTimerInterrupt
 .text.vFreeRTOS_lpc17xx_PopulateFunctionPointers
                0x000005e0       0x7c ./Source/FreeRTOS-Products/FreeRTOS-Plus-IO/Device/LPC17xx/FreeRTOS_lpc17xx_DriverInterface.o
                0x000005e0                vFreeRTOS_lpc17xx_PopulateFunctionPointers
 .text.NVIC_EnableIRQ
                0x0000065c       0x38 ./Source/FreeRTOS-Products/FreeRTOS-Plus-IO/Device/LPC17xx/FreeRTOS_lpc17xx_can.o
 .text.NVIC_DisableIRQ
                0x00000694       0x3c ./Source/FreeRTOS-Products/FreeRTOS-Plus-IO/Device/LPC17xx/FreeRTOS_lpc17xx_can.o
 .text.NVIC_SetPriority
                0x000006d0       0x5c ./Source/FreeRTOS-Products/FreeRTOS-Plus-IO/Device/LPC17xx/FreeRTOS_lpc17xx_can.o
 .text.FreeRTOS_CAN_open
                0x0000072c       0xb8 ./Source/FreeRTOS-Products/FreeRTOS-Plus-IO/Device/LPC17xx/FreeRTOS_lpc17xx_can.o
                0x0000072c                FreeRTOS_CAN_open
 .text.FreeRTOS_CAN_write
                0x000007e4      0x16c ./Source/FreeRTOS-Products/FreeRTOS-Plus-IO/Device/LPC17xx/FreeRTOS_lpc17xx_can.o
                0x000007e4                FreeRTOS_CAN_write
 .text.FreeRTOS_CAN_read
                0x00000950      0x384 ./Source/FreeRTOS-Products/FreeRTOS-Plus-IO/Device/LPC17xx/FreeRTOS_lpc17xx_can.o
                0x00000950                FreeRTOS_CAN_read
 .text.FreeRTOS_CAN_ioctl
                0x00000cd4      0x1b8 ./Source/FreeRTOS-Products/FreeRTOS-Plus-IO/Device/LPC17xx/FreeRTOS_lpc17xx_can.o
                0x00000cd4                FreeRTOS_CAN_ioctl
 .text.CAN_IRQHandler
                0x00000e8c       0x4c ./Source/FreeRTOS-Products/FreeRTOS-Plus-IO/Device/LPC17xx/FreeRTOS_lpc17xx_can.o
                0x00000e8c                CAN_IRQHandler
 .text.NVIC_DisableIRQ
                0x00000ed8       0x3c ./Source/FreeRTOS-Products/FreeRTOS-Plus-IO/Device/LPC17xx/FreeRTOS_lpc17xx_i2c.o
 .text.NVIC_ClearPendingIRQ
                0x00000f14       0x3c ./Source/FreeRTOS-Products/FreeRTOS-Plus-IO/Device/LPC17xx/FreeRTOS_lpc17xx_i2c.o
 .text.NVIC_SetPriority
                0x00000f50       0x5c ./Source/FreeRTOS-Products/FreeRTOS-Plus-IO/Device/LPC17xx/FreeRTOS_lpc17xx_i2c.o
 .text.FreeRTOS_I2C_open
                0x00000fac      0x184 ./Source/FreeRTOS-Products/FreeRTOS-Plus-IO/Device/LPC17xx/FreeRTOS_lpc17xx_i2c.o
                0x00000fac                FreeRTOS_I2C_open
 .text.FreeRTOS_I2C_write
                0x00001130      0x1c8 ./Source/FreeRTOS-Products/FreeRTOS-Plus-IO/Device/LPC17xx/FreeRTOS_lpc17xx_i2c.o
                0x00001130                FreeRTOS_I2C_write
 .text.FreeRTOS_I2C_read
                0x000012f8      0x1c4 ./Source/FreeRTOS-Products/FreeRTOS-Plus-IO/Device/LPC17xx/FreeRTOS_lpc17xx_i2c.o
                0x000012f8                FreeRTOS_I2C_read
 .text.FreeRTOS_I2C_ioctl
                0x000014bc      0x128 ./Source/FreeRTOS-Products/FreeRTOS-Plus-IO/Device/LPC17xx/FreeRTOS_lpc17xx_i2c.o
                0x000014bc                FreeRTOS_I2C_ioctl
 .text.I2C2_IRQHandler
                0x000015e4      0x38c ./Source/FreeRTOS-Products/FreeRTOS-Plus-IO/Device/LPC17xx/FreeRTOS_lpc17xx_i2c.o
                0x000015e4                I2C2_IRQHandler
 .text.NVIC_EnableIRQ
                0x00001970       0x38 ./Source/FreeRTOS-Products/FreeRTOS-Plus-IO/Device/LPC17xx/FreeRTOS_lpc17xx_ssp.o
 .text.NVIC_DisableIRQ
                0x000019a8       0x3c ./Source/FreeRTOS-Products/FreeRTOS-Plus-IO/Device/LPC17xx/FreeRTOS_lpc17xx_ssp.o
 .text.NVIC_SetPriority
                0x000019e4       0x5c ./Source/FreeRTOS-Products/FreeRTOS-Plus-IO/Device/LPC17xx/FreeRTOS_lpc17xx_ssp.o
 .text.FreeRTOS_SSP_open
                0x00001a40      0x1e0 ./Source/FreeRTOS-Products/FreeRTOS-Plus-IO/Device/LPC17xx/FreeRTOS_lpc17xx_ssp.o
                0x00001a40                FreeRTOS_SSP_open
 .text.FreeRTOS_SSP_write
                0x00001c20       0xcc ./Source/FreeRTOS-Products/FreeRTOS-Plus-IO/Device/LPC17xx/FreeRTOS_lpc17xx_ssp.o
                0x00001c20                FreeRTOS_SSP_write
 .text.FreeRTOS_SSP_read
                0x00001cec       0xa0 ./Source/FreeRTOS-Products/FreeRTOS-Plus-IO/Device/LPC17xx/FreeRTOS_lpc17xx_ssp.o
                0x00001cec                FreeRTOS_SSP_read
 .text.FreeRTOS_SSP_ioctl
                0x00001d8c      0x258 ./Source/FreeRTOS-Products/FreeRTOS-Plus-IO/Device/LPC17xx/FreeRTOS_lpc17xx_ssp.o
                0x00001d8c                FreeRTOS_SSP_ioctl
 .text.SSP1_IRQHandler
                0x00001fe4      0x154 ./Source/FreeRTOS-Products/FreeRTOS-Plus-IO/Device/LPC17xx/FreeRTOS_lpc17xx_ssp.o
                0x00001fe4                SSP1_IRQHandler
 .text.NVIC_EnableIRQ
                0x00002138       0x38 ./Source/FreeRTOS-Products/FreeRTOS-Plus-IO/Device/LPC17xx/FreeRTOS_lpc17xx_uart.o
 .text.NVIC_DisableIRQ
                0x00002170       0x3c ./Source/FreeRTOS-Products/FreeRTOS-Plus-IO/Device/LPC17xx/FreeRTOS_lpc17xx_uart.o
 .text.NVIC_SetPriority
                0x000021ac       0x5c ./Source/FreeRTOS-Products/FreeRTOS-Plus-IO/Device/LPC17xx/FreeRTOS_lpc17xx_uart.o
 .text.FreeRTOS_UART_open
                0x00002208       0xec ./Source/FreeRTOS-Products/FreeRTOS-Plus-IO/Device/LPC17xx/FreeRTOS_lpc17xx_uart.o
                0x00002208                FreeRTOS_UART_open
 .text.FreeRTOS_UART_write
                0x000022f4      0x1f4 ./Source/FreeRTOS-Products/FreeRTOS-Plus-IO/Device/LPC17xx/FreeRTOS_lpc17xx_uart.o
                0x000022f4                FreeRTOS_UART_write
 .text.FreeRTOS_UART_read
                0x000024e8      0x11c ./Source/FreeRTOS-Products/FreeRTOS-Plus-IO/Device/LPC17xx/FreeRTOS_lpc17xx_uart.o
                0x000024e8                FreeRTOS_UART_read
 .text.prvFillFifoFromBuffer
                0x00002604       0x5c ./Source/FreeRTOS-Products/FreeRTOS-Plus-IO/Device/LPC17xx/FreeRTOS_lpc17xx_uart.o
 .text.FreeRTOS_UART_ioctl
                0x00002660      0x130 ./Source/FreeRTOS-Products/FreeRTOS-Plus-IO/Device/LPC17xx/FreeRTOS_lpc17xx_uart.o
                0x00002660                FreeRTOS_UART_ioctl
 .text.FreeRTOS_open
                0x00002790      0x13c ./Source/FreeRTOS-Products/FreeRTOS-Plus-IO/Common/FreeRTOS_DriverInterface.o
                0x00002790                FreeRTOS_open
 .text.FreeRTOS_ioctl
                0x000028cc      0x1fc ./Source/FreeRTOS-Products/FreeRTOS-Plus-IO/Common/FreeRTOS_DriverInterface.o
                0x000028cc                FreeRTOS_ioctl
 .text.vIOUtilsCreateTransferControlStructure
                0x00002ac8       0xbc ./Source/FreeRTOS-Products/FreeRTOS-Plus-IO/Common/FreeRTOS_IOUtils.o
                0x00002ac8                vIOUtilsCreateTransferControlStructure
 .text.xIOUtilsSetTxQueueTimeout
                0x00002b84       0x28 ./Source/FreeRTOS-Products/FreeRTOS-Plus-IO/Common/IOUtils_CharQueueTxAndRx.o
                0x00002b84                xIOUtilsSetTxQueueTimeout
 .text.vIOUtilsSetRxQueueTimeout
                0x00002bac       0x28 ./Source/FreeRTOS-Products/FreeRTOS-Plus-IO/Common/IOUtils_CharQueueTxAndRx.o
                0x00002bac                vIOUtilsSetRxQueueTimeout
 .text.xIOUtilsConfigureTransferQueue
                0x00002bd4       0xd8 ./Source/FreeRTOS-Products/FreeRTOS-Plus-IO/Common/IOUtils_CharQueueTxAndRx.o
                0x00002bd4                xIOUtilsConfigureTransferQueue
 .text.xIOUtilsReceiveCharsFromRxQueue
                0x00002cac       0x84 ./Source/FreeRTOS-Products/FreeRTOS-Plus-IO/Common/IOUtils_CharQueueTxAndRx.o
                0x00002cac                xIOUtilsReceiveCharsFromRxQueue
 .text.xIOUtilsWaitTxQueueEmpty
                0x00002d30       0x70 ./Source/FreeRTOS-Products/FreeRTOS-Plus-IO/Common/IOUtils_CharQueueTxAndRx.o
                0x00002d30                xIOUtilsWaitTxQueueEmpty
 .text.xIOUtilsClearRxCharQueue
                0x00002da0       0x34 ./Source/FreeRTOS-Products/FreeRTOS-Plus-IO/Common/IOUtils_CharQueueTxAndRx.o
                0x00002da0                xIOUtilsClearRxCharQueue
 .text.xIOUtilsConfigureCircularBufferRx
                0x00002dd4      0x110 ./Source/FreeRTOS-Products/FreeRTOS-Plus-IO/Common/IOUtils_CircularBufferRx.o
                0x00002dd4                xIOUtilsConfigureCircularBufferRx
 .text.vIOUtilsClearRxCircularBuffer
                0x00002ee4       0x50 ./Source/FreeRTOS-Products/FreeRTOS-Plus-IO/Common/IOUtils_CircularBufferRx.o
                0x00002ee4                vIOUtilsClearRxCircularBuffer
 .text.xIOUtilsReadCharsFromCircularBuffer
                0x00002f34      0x108 ./Source/FreeRTOS-Products/FreeRTOS-Plus-IO/Common/IOUtils_CircularBufferRx.o
                0x00002f34                xIOUtilsReadCharsFromCircularBuffer
 .text.vIOUtilsSetCircularBufferTimeout
                0x0000303c       0x28 ./Source/FreeRTOS-Products/FreeRTOS-Plus-IO/Common/IOUtils_CircularBufferRx.o
                0x0000303c                vIOUtilsSetCircularBufferTimeout
 .text.xIOUtilsConfigureZeroCopyTx
                0x00003064       0xb4 ./Source/FreeRTOS-Products/FreeRTOS-Plus-IO/Common/IOUtils_ZeroCopyTx.o
                0x00003064                xIOUtilsConfigureZeroCopyTx
 .text.xIOUtilsGetZeroCopyWriteMutex
                0x00003118       0x6c ./Source/FreeRTOS-Products/FreeRTOS-Plus-IO/Common/IOUtils_ZeroCopyTx.o
                0x00003118                xIOUtilsGetZeroCopyWriteMutex
 .text.xIOUtilsReleaseZeroCopyWriteMutex
                0x00003184       0x48 ./Source/FreeRTOS-Products/FreeRTOS-Plus-IO/Common/IOUtils_ZeroCopyTx.o
                0x00003184                xIOUtilsReleaseZeroCopyWriteMutex
 .text.vListInitialise
                0x000031cc       0x40 ./Source/FreeRTOS-Products/FreeRTOS/list.o
                0x000031cc                vListInitialise
 .text.vListInitialiseItem
                0x0000320c       0x1c ./Source/FreeRTOS-Products/FreeRTOS/list.o
                0x0000320c                vListInitialiseItem
 .text.vListInsertEnd
                0x00003228       0x54 ./Source/FreeRTOS-Products/FreeRTOS/list.o
                0x00003228                vListInsertEnd
 .text.vListInsert
                0x0000327c       0x78 ./Source/FreeRTOS-Products/FreeRTOS/list.o
                0x0000327c                vListInsert
 .text.uxListRemove
                0x000032f4       0x58 ./Source/FreeRTOS-Products/FreeRTOS/list.o
                0x000032f4                uxListRemove
 .text.xQueueGenericReset
                0x0000334c       0xbc ./Source/FreeRTOS-Products/FreeRTOS/queue.o
                0x0000334c                xQueueGenericReset
 .text.xQueueGenericCreate
                0x00003408       0x90 ./Source/FreeRTOS-Products/FreeRTOS/queue.o
                0x00003408                xQueueGenericCreate
 .text.xQueueCreateMutex
                0x00003498       0xb0 ./Source/FreeRTOS-Products/FreeRTOS/queue.o
                0x00003498                xQueueCreateMutex
 .text.xQueueGetMutexHolder
                0x00003548       0x34 ./Source/FreeRTOS-Products/FreeRTOS/queue.o
                0x00003548                xQueueGetMutexHolder
 .text.xQueueCreateCountingSemaphore
                0x0000357c       0x40 ./Source/FreeRTOS-Products/FreeRTOS/queue.o
                0x0000357c                xQueueCreateCountingSemaphore
 .text.xQueueGenericSend
                0x000035bc      0x150 ./Source/FreeRTOS-Products/FreeRTOS/queue.o
                0x000035bc                xQueueGenericSend
 .text.xQueueGenericSendFromISR
                0x0000370c       0xbc ./Source/FreeRTOS-Products/FreeRTOS/queue.o
                0x0000370c                xQueueGenericSendFromISR
 .text.xQueueGenericReceive
                0x000037c8      0x1b4 ./Source/FreeRTOS-Products/FreeRTOS/queue.o
                0x000037c8                xQueueGenericReceive
 .text.uxQueueMessagesWaiting
                0x0000397c       0x30 ./Source/FreeRTOS-Products/FreeRTOS/queue.o
                0x0000397c                uxQueueMessagesWaiting
 .text.vQueueDelete
                0x000039ac       0x34 ./Source/FreeRTOS-Products/FreeRTOS/queue.o
                0x000039ac                vQueueDelete
 .text.prvCopyDataToQueue
                0x000039e0       0xc4 ./Source/FreeRTOS-Products/FreeRTOS/queue.o
 .text.prvCopyDataFromQueue
                0x00003aa4       0x50 ./Source/FreeRTOS-Products/FreeRTOS/queue.o
 .text.prvUnlockQueue
                0x00003af4       0xa0 ./Source/FreeRTOS-Products/FreeRTOS/queue.o
 .text.prvIsQueueEmpty
                0x00003b94       0x2c ./Source/FreeRTOS-Products/FreeRTOS/queue.o
 .text.prvIsQueueFull
                0x00003bc0       0x30 ./Source/FreeRTOS-Products/FreeRTOS/queue.o
 .text.vQueueUnregisterQueue
                0x00003bf0       0x54 ./Source/FreeRTOS-Products/FreeRTOS/queue.o
 .text.vQueueWaitForMessageRestricted
                0x00003c44       0x5c ./Source/FreeRTOS-Products/FreeRTOS/queue.o
                0x00003c44                vQueueWaitForMessageRestricted
 .text.xTaskGenericCreate
                0x00003ca0      0x1f4 ./Source/FreeRTOS-Products/FreeRTOS/tasks.o
                0x00003ca0                xTaskGenericCreate
 .text.vTaskDelayUntil
                0x00003e94       0xcc ./Source/FreeRTOS-Products/FreeRTOS/tasks.o
                0x00003e94                vTaskDelayUntil
 .text.vTaskDelay
                0x00003f60       0x5c ./Source/FreeRTOS-Products/FreeRTOS/tasks.o
                0x00003f60                vTaskDelay
 .text.vTaskStartScheduler
                0x00003fbc       0x90 ./Source/FreeRTOS-Products/FreeRTOS/tasks.o
                0x00003fbc                vTaskStartScheduler
 .text.vTaskSuspendAll
                0x0000404c       0x24 ./Source/FreeRTOS-Products/FreeRTOS/tasks.o
                0x0000404c                vTaskSuspendAll
 .text.xTaskResumeAll
                0x00004070      0x168 ./Source/FreeRTOS-Products/FreeRTOS/tasks.o
                0x00004070                xTaskResumeAll
 .text.xTaskGetTickCount
                0x000041d8       0x28 ./Source/FreeRTOS-Products/FreeRTOS/tasks.o
                0x000041d8                xTaskGetTickCount
 .text.xTaskGetTickCountFromISR
                0x00004200       0x2c ./Source/FreeRTOS-Products/FreeRTOS/tasks.o
                0x00004200                xTaskGetTickCountFromISR
 .text.vTaskIncrementTick
                0x0000422c      0x1cc ./Source/FreeRTOS-Products/FreeRTOS/tasks.o
                0x0000422c                vTaskIncrementTick
 .text.vTaskSwitchContext
                0x000043f8      0x190 ./Source/FreeRTOS-Products/FreeRTOS/tasks.o
                0x000043f8                vTaskSwitchContext
 .text.vTaskPlaceOnEventList
                0x00004588       0x84 ./Source/FreeRTOS-Products/FreeRTOS/tasks.o
                0x00004588                vTaskPlaceOnEventList
 .text.vTaskPlaceOnEventListRestricted
                0x0000460c       0x60 ./Source/FreeRTOS-Products/FreeRTOS/tasks.o
                0x0000460c                vTaskPlaceOnEventListRestricted
 .text.xTaskRemoveFromEventList
                0x0000466c       0xd0 ./Source/FreeRTOS-Products/FreeRTOS/tasks.o
                0x0000466c                xTaskRemoveFromEventList
 .text.vTaskSetTimeOutState
                0x0000473c       0x38 ./Source/FreeRTOS-Products/FreeRTOS/tasks.o
                0x0000473c                vTaskSetTimeOutState
 .text.xTaskCheckForTimeOut
                0x00004774       0xbc ./Source/FreeRTOS-Products/FreeRTOS/tasks.o
                0x00004774                xTaskCheckForTimeOut
 .text.vTaskMissedYield
                0x00004830       0x18 ./Source/FreeRTOS-Products/FreeRTOS/tasks.o
                0x00004830                vTaskMissedYield
 .text.prvIdleTask
                0x00004848       0x10 ./Source/FreeRTOS-Products/FreeRTOS/tasks.o
 .text.prvInitialiseTCBVariables
                0x00004858       0x80 ./Source/FreeRTOS-Products/FreeRTOS/tasks.o
 .text.prvInitialiseTaskLists
                0x000048d8       0xa4 ./Source/FreeRTOS-Products/FreeRTOS/tasks.o
 .text.prvCheckTasksWaitingTermination
                0x0000497c       0x98 ./Source/FreeRTOS-Products/FreeRTOS/tasks.o
 .text.prvAddCurrentTaskToDelayedList
                0x00004a14       0x8c ./Source/FreeRTOS-Products/FreeRTOS/tasks.o
 .text.prvAllocateTCBAndStack
                0x00004aa0       0x74 ./Source/FreeRTOS-Products/FreeRTOS/tasks.o
 .text.prvDeleteTCB
                0x00004b14       0x20 ./Source/FreeRTOS-Products/FreeRTOS/tasks.o
 .text.xTaskGetCurrentTaskHandle
                0x00004b34       0x20 ./Source/FreeRTOS-Products/FreeRTOS/tasks.o
                0x00004b34                xTaskGetCurrentTaskHandle
 .text.xTaskGetSchedulerState
                0x00004b54       0x48 ./Source/FreeRTOS-Products/FreeRTOS/tasks.o
                0x00004b54                xTaskGetSchedulerState
 .text.vTaskPriorityInherit
                0x00004b9c       0xe0 ./Source/FreeRTOS-Products/FreeRTOS/tasks.o
                0x00004b9c                vTaskPriorityInherit
 .text.vTaskPriorityDisinherit
                0x00004c7c       0x90 ./Source/FreeRTOS-Products/FreeRTOS/tasks.o
                0x00004c7c                vTaskPriorityDisinherit
 .text.xTimerCreateTimerTask
                0x00004d0c       0x70 ./Source/FreeRTOS-Products/FreeRTOS/timers.o
                0x00004d0c                xTimerCreateTimerTask
 .text.xTimerCreate
                0x00004d7c       0x74 ./Source/FreeRTOS-Products/FreeRTOS/timers.o
                0x00004d7c                xTimerCreate
 .text.xTimerGenericCommand
                0x00004df0       0xb0 ./Source/FreeRTOS-Products/FreeRTOS/timers.o
                0x00004df0                xTimerGenericCommand
 .text.prvProcessExpiredTimer
                0x00004ea0       0x80 ./Source/FreeRTOS-Products/FreeRTOS/timers.o
 .text.prvTimerTask
                0x00004f20       0x28 ./Source/FreeRTOS-Products/FreeRTOS/timers.o
 .text.prvProcessTimerOrBlockTask
                0x00004f48       0x78 ./Source/FreeRTOS-Products/FreeRTOS/timers.o
 .text.prvGetNextExpireTime
                0x00004fc0       0x50 ./Source/FreeRTOS-Products/FreeRTOS/timers.o
 .text.prvSampleTimeNow
                0x00005010       0x5c ./Source/FreeRTOS-Products/FreeRTOS/timers.o
 .text.prvInsertTimerInActiveList
                0x0000506c       0x94 ./Source/FreeRTOS-Products/FreeRTOS/timers.o
 .text.prvProcessReceivedCommands
                0x00005100      0x108 ./Source/FreeRTOS-Products/FreeRTOS/timers.o
 .text.prvSwitchTimerLists
                0x00005208       0xe8 ./Source/FreeRTOS-Products/FreeRTOS/timers.o
 .text.prvCheckForValidListAndQueue
                0x000052f0       0x74 ./Source/FreeRTOS-Products/FreeRTOS/timers.o
 .text.UART0_IRQHandler
                0x00005364      0x17c ./Source/Examples/UART/newuart.o
                0x00005364                UART0_IRQHandler
 .text.UART1_IRQHandler
                0x000054e0      0x17c ./Source/Examples/UART/newuart.o
                0x000054e0                UART1_IRQHandler
 .text.UART3_IRQHandler
                0x0000565c      0x17c ./Source/Examples/UART/newuart.o
                0x0000565c                UART3_IRQHandler
 .text.vGPIOSoftwareTimersStart
                0x000057d8       0xd4 ./Source/Examples/GPIO/GPIO-output-and-software-timers.o
                0x000057d8                vGPIOSoftwareTimersStart
 .text.prvGPIOTimerCallback
                0x000058ac       0xf0 ./Source/Examples/GPIO/GPIO-output-and-software-timers.o
 .text.vCANWriteTaskStart
                0x0000599c       0x40 ./Source/Examples/CAN/can.o
                0x0000599c                vCANWriteTaskStart
 .text.prvCANWriteTask
                0x000059dc      0x100 ./Source/Examples/CAN/can.o
 .text.pop_registers_from_fault_stack
                0x00005adc       0x24 ./Source/cr_startup_lpc176x.o
                0x00005adc                pop_registers_from_fault_stack
 .text.NVIC_SetPriorityGrouping
                0x00005b00       0x50 ./Source/main.o
 .text.main     0x00005b50       0x1c ./Source/main.o
                0x00005b50                main
 .text.vMainConfigureTimerForRunTimeStats
                0x00005b6c       0x30 ./Source/main.o
                0x00005b6c                vMainConfigureTimerForRunTimeStats
 .text.ulMainGetRunTimeCounterValue
                0x00005b9c       0xa4 ./Source/main.o
                0x00005b9c                ulMainGetRunTimeCounterValue
 .text.vApplicationStackOverflowHook
                0x00005c40       0x10 ./Source/main.o
                0x00005c40                vApplicationStackOverflowHook
 .text.vApplicationMallocFailedHook
                0x00005c50        0xc ./Source/main.o
                0x00005c50                vApplicationMallocFailedHook
 .text.can_SetBaudrate
                0x00005c5c      0x138 C:\Documents and Settings\DESD30\My Documents\LPCXpresso_5.0.14_1109\sat_irq\lpc17xx.cmsis.driver.library\Debug\liblpc17xx.cmsis.driver.library.a(lpc17xx_can.o)
                0x00005c5c                can_SetBaudrate
 .text.CAN_Init
                0x00005d94      0x150 C:\Documents and Settings\DESD30\My Documents\LPCXpresso_5.0.14_1109\sat_irq\lpc17xx.cmsis.driver.library\Debug\liblpc17xx.cmsis.driver.library.a(lpc17xx_can.o)
                0x00005d94                CAN_Init
 .text.CAN_SendMsg
                0x00005ee4      0x394 C:\Documents and Settings\DESD30\My Documents\LPCXpresso_5.0.14_1109\sat_irq\lpc17xx.cmsis.driver.library\Debug\liblpc17xx.cmsis.driver.library.a(lpc17xx_can.o)
                0x00005ee4                CAN_SendMsg
 .text.CAN_ReceiveMsg
                0x00006278      0x128 C:\Documents and Settings\DESD30\My Documents\LPCXpresso_5.0.14_1109\sat_irq\lpc17xx.cmsis.driver.library\Debug\liblpc17xx.cmsis.driver.library.a(lpc17xx_can.o)
                0x00006278                CAN_ReceiveMsg
 .text.CAN_IRQCmd
                0x000063a0      0x154 C:\Documents and Settings\DESD30\My Documents\LPCXpresso_5.0.14_1109\sat_irq\lpc17xx.cmsis.driver.library\Debug\liblpc17xx.cmsis.driver.library.a(lpc17xx_can.o)
                0x000063a0                CAN_IRQCmd
 .text.CAN_SetAFMode
                0x000064f4       0xa0 C:\Documents and Settings\DESD30\My Documents\LPCXpresso_5.0.14_1109\sat_irq\lpc17xx.cmsis.driver.library\Debug\liblpc17xx.cmsis.driver.library.a(lpc17xx_can.o)
                0x000064f4                CAN_SetAFMode
 .text.CAN_ModeConfig
                0x00006594      0x1f8 C:\Documents and Settings\DESD30\My Documents\LPCXpresso_5.0.14_1109\sat_irq\lpc17xx.cmsis.driver.library\Debug\liblpc17xx.cmsis.driver.library.a(lpc17xx_can.o)
                0x00006594                CAN_ModeConfig
 .text.CAN_IntGetStatus
                0x0000678c       0x44 C:\Documents and Settings\DESD30\My Documents\LPCXpresso_5.0.14_1109\sat_irq\lpc17xx.cmsis.driver.library\Debug\liblpc17xx.cmsis.driver.library.a(lpc17xx_can.o)
                0x0000678c                CAN_IntGetStatus
 .text.CLKPWR_SetPCLKDiv
                0x000067d0       0xcc C:\Documents and Settings\DESD30\My Documents\LPCXpresso_5.0.14_1109\sat_irq\lpc17xx.cmsis.driver.library\Debug\liblpc17xx.cmsis.driver.library.a(lpc17xx_clkpwr.o)
                0x000067d0                CLKPWR_SetPCLKDiv
 .text.CLKPWR_GetPCLKSEL
                0x0000689c       0x54 C:\Documents and Settings\DESD30\My Documents\LPCXpresso_5.0.14_1109\sat_irq\lpc17xx.cmsis.driver.library\Debug\liblpc17xx.cmsis.driver.library.a(lpc17xx_clkpwr.o)
                0x0000689c                CLKPWR_GetPCLKSEL
 .text.CLKPWR_GetPCLK
                0x000068f0       0x74 C:\Documents and Settings\DESD30\My Documents\LPCXpresso_5.0.14_1109\sat_irq\lpc17xx.cmsis.driver.library\Debug\liblpc17xx.cmsis.driver.library.a(lpc17xx_clkpwr.o)
                0x000068f0                CLKPWR_GetPCLK
 .text.CLKPWR_ConfigPPWR
                0x00006964       0x78 C:\Documents and Settings\DESD30\My Documents\LPCXpresso_5.0.14_1109\sat_irq\lpc17xx.cmsis.driver.library\Debug\liblpc17xx.cmsis.driver.library.a(lpc17xx_clkpwr.o)
                0x00006964                CLKPWR_ConfigPPWR
 .text.GPIO_GetPointer
                0x000069dc       0x7c C:\Documents and Settings\DESD30\My Documents\LPCXpresso_5.0.14_1109\sat_irq\lpc17xx.cmsis.driver.library\Debug\liblpc17xx.cmsis.driver.library.a(lpc17xx_gpio.o)
 .text.GPIO_SetDir
                0x00006a58       0x5c C:\Documents and Settings\DESD30\My Documents\LPCXpresso_5.0.14_1109\sat_irq\lpc17xx.cmsis.driver.library\Debug\liblpc17xx.cmsis.driver.library.a(lpc17xx_gpio.o)
                0x00006a58                GPIO_SetDir
 .text.GPIO_SetValue
                0x00006ab4       0x2c C:\Documents and Settings\DESD30\My Documents\LPCXpresso_5.0.14_1109\sat_irq\lpc17xx.cmsis.driver.library\Debug\liblpc17xx.cmsis.driver.library.a(lpc17xx_gpio.o)
                0x00006ab4                GPIO_SetValue
 .text.GPIO_ClearValue
                0x00006ae0       0x2c C:\Documents and Settings\DESD30\My Documents\LPCXpresso_5.0.14_1109\sat_irq\lpc17xx.cmsis.driver.library\Debug\liblpc17xx.cmsis.driver.library.a(lpc17xx_gpio.o)
                0x00006ae0                GPIO_ClearValue
 .text.NVIC_EnableIRQ
                0x00006b0c       0x38 C:\Documents and Settings\DESD30\My Documents\LPCXpresso_5.0.14_1109\sat_irq\lpc17xx.cmsis.driver.library\Debug\liblpc17xx.cmsis.driver.library.a(lpc17xx_i2c.o)
 .text.NVIC_DisableIRQ
                0x00006b44       0x3c C:\Documents and Settings\DESD30\My Documents\LPCXpresso_5.0.14_1109\sat_irq\lpc17xx.cmsis.driver.library\Debug\liblpc17xx.cmsis.driver.library.a(lpc17xx_i2c.o)
 .text.I2C_getNum
                0x00006b80       0x54 C:\Documents and Settings\DESD30\My Documents\LPCXpresso_5.0.14_1109\sat_irq\lpc17xx.cmsis.driver.library\Debug\liblpc17xx.cmsis.driver.library.a(lpc17xx_i2c.o)
 .text.I2C_Start
                0x00006bd4       0x44 C:\Documents and Settings\DESD30\My Documents\LPCXpresso_5.0.14_1109\sat_irq\lpc17xx.cmsis.driver.library\Debug\liblpc17xx.cmsis.driver.library.a(lpc17xx_i2c.o)
                0x00006bd4                I2C_Start
 .text.I2C_Stop
                0x00006c18       0x38 C:\Documents and Settings\DESD30\My Documents\LPCXpresso_5.0.14_1109\sat_irq\lpc17xx.cmsis.driver.library\Debug\liblpc17xx.cmsis.driver.library.a(lpc17xx_i2c.o)
                0x00006c18                I2C_Stop
 .text.I2C_SendByte
                0x00006c50       0x50 C:\Documents and Settings\DESD30\My Documents\LPCXpresso_5.0.14_1109\sat_irq\lpc17xx.cmsis.driver.library\Debug\liblpc17xx.cmsis.driver.library.a(lpc17xx_i2c.o)
 .text.I2C_GetByte
                0x00006ca0       0x5c C:\Documents and Settings\DESD30\My Documents\LPCXpresso_5.0.14_1109\sat_irq\lpc17xx.cmsis.driver.library\Debug\liblpc17xx.cmsis.driver.library.a(lpc17xx_i2c.o)
 .text.I2C_SetClock
                0x00006cfc       0xc8 C:\Documents and Settings\DESD30\My Documents\LPCXpresso_5.0.14_1109\sat_irq\lpc17xx.cmsis.driver.library\Debug\liblpc17xx.cmsis.driver.library.a(lpc17xx_i2c.o)
                0x00006cfc                I2C_SetClock
 .text.I2C_Init
                0x00006dc4       0xd8 C:\Documents and Settings\DESD30\My Documents\LPCXpresso_5.0.14_1109\sat_irq\lpc17xx.cmsis.driver.library\Debug\liblpc17xx.cmsis.driver.library.a(lpc17xx_i2c.o)
                0x00006dc4                I2C_Init
 .text.I2C_Cmd  0x00006e9c       0x84 C:\Documents and Settings\DESD30\My Documents\LPCXpresso_5.0.14_1109\sat_irq\lpc17xx.cmsis.driver.library\Debug\liblpc17xx.cmsis.driver.library.a(lpc17xx_i2c.o)
                0x00006e9c                I2C_Cmd
 .text.I2C_IntCmd
                0x00006f20       0xa8 C:\Documents and Settings\DESD30\My Documents\LPCXpresso_5.0.14_1109\sat_irq\lpc17xx.cmsis.driver.library\Debug\liblpc17xx.cmsis.driver.library.a(lpc17xx_i2c.o)
                0x00006f20                I2C_IntCmd
 .text.I2C_MasterTransferData
                0x00006fc8      0x34c C:\Documents and Settings\DESD30\My Documents\LPCXpresso_5.0.14_1109\sat_irq\lpc17xx.cmsis.driver.library\Debug\liblpc17xx.cmsis.driver.library.a(lpc17xx_i2c.o)
                0x00006fc8                I2C_MasterTransferData
 .text.check_failed
                0x00007314        0xc C:\Documents and Settings\DESD30\My Documents\LPCXpresso_5.0.14_1109\sat_irq\lpc17xx.cmsis.driver.library\Debug\liblpc17xx.cmsis.driver.library.a(lpc17xx_libcfg_default.o)
                0x00007314                check_failed
 .text.set_PinFunc
                0x00007320       0x9c C:\Documents and Settings\DESD30\My Documents\LPCXpresso_5.0.14_1109\sat_irq\lpc17xx.cmsis.driver.library\Debug\liblpc17xx.cmsis.driver.library.a(lpc17xx_pinsel.o)
 .text.set_ResistorMode
                0x000073bc       0x9c C:\Documents and Settings\DESD30\My Documents\LPCXpresso_5.0.14_1109\sat_irq\lpc17xx.cmsis.driver.library\Debug\liblpc17xx.cmsis.driver.library.a(lpc17xx_pinsel.o)
 .text.set_OpenDrainMode
                0x00007458       0x7c C:\Documents and Settings\DESD30\My Documents\LPCXpresso_5.0.14_1109\sat_irq\lpc17xx.cmsis.driver.library\Debug\liblpc17xx.cmsis.driver.library.a(lpc17xx_pinsel.o)
 .text.PINSEL_ConfigPin
                0x000074d4       0x54 C:\Documents and Settings\DESD30\My Documents\LPCXpresso_5.0.14_1109\sat_irq\lpc17xx.cmsis.driver.library\Debug\liblpc17xx.cmsis.driver.library.a(lpc17xx_pinsel.o)
                0x000074d4                PINSEL_ConfigPin
 .text.setSSPclock
                0x00007528       0xf8 C:\Documents and Settings\DESD30\My Documents\LPCXpresso_5.0.14_1109\sat_irq\lpc17xx.cmsis.driver.library\Debug\liblpc17xx.cmsis.driver.library.a(lpc17xx_ssp.o)
 .text.SSP_Init
                0x00007620       0xbc C:\Documents and Settings\DESD30\My Documents\LPCXpresso_5.0.14_1109\sat_irq\lpc17xx.cmsis.driver.library\Debug\liblpc17xx.cmsis.driver.library.a(lpc17xx_ssp.o)
                0x00007620                SSP_Init
 .text.SSP_DeInit
                0x000076dc       0x74 C:\Documents and Settings\DESD30\My Documents\LPCXpresso_5.0.14_1109\sat_irq\lpc17xx.cmsis.driver.library\Debug\liblpc17xx.cmsis.driver.library.a(lpc17xx_ssp.o)
                0x000076dc                SSP_DeInit
 .text.SSP_GetDataSize
                0x00007750       0x4c C:\Documents and Settings\DESD30\My Documents\LPCXpresso_5.0.14_1109\sat_irq\lpc17xx.cmsis.driver.library\Debug\liblpc17xx.cmsis.driver.library.a(lpc17xx_ssp.o)
                0x00007750                SSP_GetDataSize
 .text.SSP_ConfigStructInit
                0x0000779c       0x48 C:\Documents and Settings\DESD30\My Documents\LPCXpresso_5.0.14_1109\sat_irq\lpc17xx.cmsis.driver.library\Debug\liblpc17xx.cmsis.driver.library.a(lpc17xx_ssp.o)
                0x0000779c                SSP_ConfigStructInit
 .text.SSP_Cmd  0x000077e4       0x7c C:\Documents and Settings\DESD30\My Documents\LPCXpresso_5.0.14_1109\sat_irq\lpc17xx.cmsis.driver.library\Debug\liblpc17xx.cmsis.driver.library.a(lpc17xx_ssp.o)
                0x000077e4                SSP_Cmd
 .text.SSP_SendData
                0x00007860       0x48 C:\Documents and Settings\DESD30\My Documents\LPCXpresso_5.0.14_1109\sat_irq\lpc17xx.cmsis.driver.library\Debug\liblpc17xx.cmsis.driver.library.a(lpc17xx_ssp.o)
                0x00007860                SSP_SendData
 .text.SSP_ReceiveData
                0x000078a8       0x44 C:\Documents and Settings\DESD30\My Documents\LPCXpresso_5.0.14_1109\sat_irq\lpc17xx.cmsis.driver.library\Debug\liblpc17xx.cmsis.driver.library.a(lpc17xx_ssp.o)
                0x000078a8                SSP_ReceiveData
 .text.SSP_ReadWrite
                0x000078ec      0x390 C:\Documents and Settings\DESD30\My Documents\LPCXpresso_5.0.14_1109\sat_irq\lpc17xx.cmsis.driver.library\Debug\liblpc17xx.cmsis.driver.library.a(lpc17xx_ssp.o)
                0x000078ec                SSP_ReadWrite
 .text.SSP_IntConfig
                0x00007c7c       0x70 C:\Documents and Settings\DESD30\My Documents\LPCXpresso_5.0.14_1109\sat_irq\lpc17xx.cmsis.driver.library\Debug\liblpc17xx.cmsis.driver.library.a(lpc17xx_ssp.o)
                0x00007c7c                SSP_IntConfig
 .text.uart_set_divisors
                0x00007cec      0x26c C:\Documents and Settings\DESD30\My Documents\LPCXpresso_5.0.14_1109\sat_irq\lpc17xx.cmsis.driver.library\Debug\liblpc17xx.cmsis.driver.library.a(lpc17xx_uart.o)
 .text.UART_Init
                0x00007f58      0x368 C:\Documents and Settings\DESD30\My Documents\LPCXpresso_5.0.14_1109\sat_irq\lpc17xx.cmsis.driver.library\Debug\liblpc17xx.cmsis.driver.library.a(lpc17xx_uart.o)
                0x00007f58                UART_Init
 .text.UART_SendByte
                0x000082c0       0x78 C:\Documents and Settings\DESD30\My Documents\LPCXpresso_5.0.14_1109\sat_irq\lpc17xx.cmsis.driver.library\Debug\liblpc17xx.cmsis.driver.library.a(lpc17xx_uart.o)
                0x000082c0                UART_SendByte
 .text.UART_ReceiveByte
                0x00008338       0x78 C:\Documents and Settings\DESD30\My Documents\LPCXpresso_5.0.14_1109\sat_irq\lpc17xx.cmsis.driver.library\Debug\liblpc17xx.cmsis.driver.library.a(lpc17xx_uart.o)
                0x00008338                UART_ReceiveByte
 .text.UART_Send
                0x000083b0      0x10c C:\Documents and Settings\DESD30\My Documents\LPCXpresso_5.0.14_1109\sat_irq\lpc17xx.cmsis.driver.library\Debug\liblpc17xx.cmsis.driver.library.a(lpc17xx_uart.o)
                0x000083b0                UART_Send
 .text.UART_Receive
                0x000084bc       0xd8 C:\Documents and Settings\DESD30\My Documents\LPCXpresso_5.0.14_1109\sat_irq\lpc17xx.cmsis.driver.library\Debug\liblpc17xx.cmsis.driver.library.a(lpc17xx_uart.o)
                0x000084bc                UART_Receive
 .text.UART_IntConfig
                0x00008594      0x1c8 C:\Documents and Settings\DESD30\My Documents\LPCXpresso_5.0.14_1109\sat_irq\lpc17xx.cmsis.driver.library\Debug\liblpc17xx.cmsis.driver.library.a(lpc17xx_uart.o)
                0x00008594                UART_IntConfig
 .text.UART_CheckBusy
                0x0000875c       0x2c C:\Documents and Settings\DESD30\My Documents\LPCXpresso_5.0.14_1109\sat_irq\lpc17xx.cmsis.driver.library\Debug\liblpc17xx.cmsis.driver.library.a(lpc17xx_uart.o)
                0x0000875c                UART_CheckBusy
 .text.UART_FIFOConfig
                0x00008788      0x184 C:\Documents and Settings\DESD30\My Documents\LPCXpresso_5.0.14_1109\sat_irq\lpc17xx.cmsis.driver.library\Debug\liblpc17xx.cmsis.driver.library.a(lpc17xx_uart.o)
                0x00008788                UART_FIFOConfig
 .text.UART_TxCmd
                0x0000890c       0xe8 C:\Documents and Settings\DESD30\My Documents\LPCXpresso_5.0.14_1109\sat_irq\lpc17xx.cmsis.driver.library\Debug\liblpc17xx.cmsis.driver.library.a(lpc17xx_uart.o)
                0x0000890c                UART_TxCmd
 .text.SystemInit
                0x000089f4       0xe4 C:\Documents and Settings\DESD30\My Documents\LPCXpresso_5.0.14_1109\sat_irq\CMSISv2p00_LPC17xx\Debug\libCMSISv2p00_LPC17xx.a(system_LPC17xx.o)
                0x000089f4                SystemInit
 .text.__main   0x00008ad8       0x14 c:/nxp/lpcxpresso_5.0.14_1109/lpcxpresso/tools/bin/../lib/gcc/arm-none-eabi/4.6.2/../../../../arm-none-eabi/lib/armv7-m\libcr_nohost.a(_cr__main.o)
                0x00008ad8                __main
 .text.memcpy   0x00008aec        0x4 c:/nxp/lpcxpresso_5.0.14_1109/lpcxpresso/tools/bin/../lib/gcc/arm-none-eabi/4.6.2/../../../../arm-none-eabi/lib/armv7-m\libcr_c.a(memcpy.o)
                0x00008aec                memcpy
 .text.memset   0x00008af0        0x4 c:/nxp/lpcxpresso_5.0.14_1109/lpcxpresso/tools/bin/../lib/gcc/arm-none-eabi/4.6.2/../../../../arm-none-eabi/lib/armv7-m\libcr_c.a(memset.o)
                0x00008af0                memset
 .text._initio  0x00008af4       0x9c c:/nxp/lpcxpresso_5.0.14_1109/lpcxpresso/tools/bin/../lib/gcc/arm-none-eabi/4.6.2/../../../../arm-none-eabi/lib/armv7-m\libcr_c.a(initio.o)
                0x00008af4                _initio
 .text.memcmp   0x00008b90       0x38 c:/nxp/lpcxpresso_5.0.14_1109/lpcxpresso/tools/bin/../lib/gcc/arm-none-eabi/4.6.2/../../../../arm-none-eabi/lib/armv7-m\libcr_c.a(memcmp.o)
                0x00008b90                memcmp
 .text.setvbuf  0x00008bc8       0x48 c:/nxp/lpcxpresso_5.0.14_1109/lpcxpresso/tools/bin/../lib/gcc/arm-none-eabi/4.6.2/../../../../arm-none-eabi/lib/armv7-m\libcr_c.a(setvbuf.o)
                0x00008bc8                setvbuf
 .text.strcmp   0x00008c10       0x3c c:/nxp/lpcxpresso_5.0.14_1109/lpcxpresso/tools/bin/../lib/gcc/arm-none-eabi/4.6.2/../../../../arm-none-eabi/lib/armv7-m\libcr_c.a(strcmp.o)
                0x00008c10                strcmp
 .text.strlen   0x00008c4c       0x4c c:/nxp/lpcxpresso_5.0.14_1109/lpcxpresso/tools/bin/../lib/gcc/arm-none-eabi/4.6.2/../../../../arm-none-eabi/lib/armv7-m\libcr_c.a(strlen.o)
                0x00008c4c                strlen
 .text.strncpy  0x00008c98       0x54 c:/nxp/lpcxpresso_5.0.14_1109/lpcxpresso/tools/bin/../lib/gcc/arm-none-eabi/4.6.2/../../../../arm-none-eabi/lib/armv7-m\libcr_c.a(strncpy.o)
                0x00008c98                strncpy
 .text._deferredlazyseek
                0x00008cec       0x44 c:/nxp/lpcxpresso_5.0.14_1109/lpcxpresso/tools/bin/../lib/gcc/arm-none-eabi/4.6.2/../../../../arm-none-eabi/lib/armv7-m\libcr_c.a(_deferredlazyseek.o)
                0x00008cec                _deferredlazyseek
 .text._fdopen  0x00008d30       0x6c c:/nxp/lpcxpresso_5.0.14_1109/lpcxpresso/tools/bin/../lib/gcc/arm-none-eabi/4.6.2/../../../../arm-none-eabi/lib/armv7-m\libcr_c.a(_fdopen.o)
                0x00008d30                _fdopen
 .text._fflush  0x00008d9c       0x58 c:/nxp/lpcxpresso_5.0.14_1109/lpcxpresso/tools/bin/../lib/gcc/arm-none-eabi/4.6.2/../../../../arm-none-eabi/lib/armv7-m\libcr_c.a(_fflush.o)
                0x00008d9c                _fflush
 .text._Cwritebuf
                0x00008df4       0x84 c:/nxp/lpcxpresso_5.0.14_1109/lpcxpresso/tools/bin/../lib/gcc/arm-none-eabi/4.6.2/../../../../arm-none-eabi/lib/armv7-m\libcr_c.a(_writebuf.o)
                0x00008df4                _Cwritebuf
 .text.malloc   0x00008e78       0xbc c:/nxp/lpcxpresso_5.0.14_1109/lpcxpresso/tools/bin/../lib/gcc/arm-none-eabi/4.6.2/../../../../arm-none-eabi/lib/armv7-m\libcr_c.a(alloc.o)
                0x00008e78                malloc
 .text.free     0x00008f34        0xa c:/nxp/lpcxpresso_5.0.14_1109/lpcxpresso/tools/bin/../lib/gcc/arm-none-eabi/4.6.2/../../../../arm-none-eabi/lib/armv7-m\libcr_c.a(alloc.o)
                0x00008f34                free
 *fill*         0x00008f3e        0x2 00
 .text._Csys_alloc
                0x00008f40       0x20 c:/nxp/lpcxpresso_5.0.14_1109/lpcxpresso/tools/bin/../lib/gcc/arm-none-eabi/4.6.2/../../../../arm-none-eabi/lib/armv7-m\libcr_c.a(alloc.o)
                0x00008f40                _Csys_alloc
 .text.fclose   0x00008f60       0x6c c:/nxp/lpcxpresso_5.0.14_1109/lpcxpresso/tools/bin/../lib/gcc/arm-none-eabi/4.6.2/../../../../arm-none-eabi/lib/armv7-m\libcr_c.a(fclose.o)
                0x00008f60                fclose
 .text.fflush   0x00008fcc       0x34 c:/nxp/lpcxpresso_5.0.14_1109/lpcxpresso/tools/bin/../lib/gcc/arm-none-eabi/4.6.2/../../../../arm-none-eabi/lib/armv7-m\libcr_c.a(fflush.o)
                0x00008fcc                fflush
 .text.fseek    0x00009000      0x104 c:/nxp/lpcxpresso_5.0.14_1109/lpcxpresso/tools/bin/../lib/gcc/arm-none-eabi/4.6.2/../../../../arm-none-eabi/lib/armv7-m\libcr_c.a(fseek.o)
                0x00009000                fseek
 .text.ftell    0x00009104       0x4c c:/nxp/lpcxpresso_5.0.14_1109/lpcxpresso/tools/bin/../lib/gcc/arm-none-eabi/4.6.2/../../../../arm-none-eabi/lib/armv7-m\libcr_c.a(ftell.o)
                0x00009104                ftell
 .text.remove   0x00009150       0x14 c:/nxp/lpcxpresso_5.0.14_1109/lpcxpresso/tools/bin/../lib/gcc/arm-none-eabi/4.6.2/../../../../arm-none-eabi/lib/armv7-m\libcr_c.a(remove.o)
                0x00009150                remove
 .text._do_fflush
                0x00009164       0x42 c:/nxp/lpcxpresso_5.0.14_1109/lpcxpresso/tools/bin/../lib/gcc/arm-none-eabi/4.6.2/../../../../arm-none-eabi/lib/armv7-m\libcr_c.a(_do_fflush.o)
                0x00009164                _do_fflush
 .text.__aeabi_memcpy
                0x000091a6       0x26 c:/nxp/lpcxpresso_5.0.14_1109/lpcxpresso/tools/bin/../lib/gcc/arm-none-eabi/4.6.2/armv7-m\libcr_eabihelpers.a(memcpy.o)
                0x000091a6                __aeabi_memcpy4
                0x000091a6                __aeabi_memcpy8
                0x000091a6                __aeabi_memcpy
 .text.__aeabi_memset_lowlevel
                0x000091cc       0x24 c:/nxp/lpcxpresso_5.0.14_1109/lpcxpresso/tools/bin/../lib/gcc/arm-none-eabi/4.6.2/armv7-m\libcr_eabihelpers.a(memcpy.o)
                0x000091cc                __aeabi_lowlevel_memset
 .text.__sys_appexit
                0x000091f0        0x2 c:/nxp/lpcxpresso_5.0.14_1109/lpcxpresso/tools/bin/../lib/gcc/arm-none-eabi/4.6.2/../../../../arm-none-eabi/lib/armv7-m\libcr_nohost.a(__sys_appexit.o)
                0x000091f0                __sys_appexit
                0x000091f0                __exit
 .text.__sys_close
                0x000091f2        0x6 c:/nxp/lpcxpresso_5.0.14_1109/lpcxpresso/tools/bin/../lib/gcc/arm-none-eabi/4.6.2/../../../../arm-none-eabi/lib/armv7-m\libcr_nohost.a(__sys_close.o)
                0x000091f2                __sys_close
 .text.__sys_flen
                0x000091f8        0x6 c:/nxp/lpcxpresso_5.0.14_1109/lpcxpresso/tools/bin/../lib/gcc/arm-none-eabi/4.6.2/../../../../arm-none-eabi/lib/armv7-m\libcr_nohost.a(__sys_flen.o)
                0x000091f8                __sys_flen
 .text.__sys_istty
                0x000091fe        0x6 c:/nxp/lpcxpresso_5.0.14_1109/lpcxpresso/tools/bin/../lib/gcc/arm-none-eabi/4.6.2/../../../../arm-none-eabi/lib/armv7-m\libcr_nohost.a(__sys_istty.o)
                0x000091fe                __sys_istty
 .text.__sys_remove
                0x00009204        0x6 c:/nxp/lpcxpresso_5.0.14_1109/lpcxpresso/tools/bin/../lib/gcc/arm-none-eabi/4.6.2/../../../../arm-none-eabi/lib/armv7-m\libcr_nohost.a(__sys_remove.o)
                0x00009204                __sys_remove
 .text.__sys_seek
                0x0000920a        0x6 c:/nxp/lpcxpresso_5.0.14_1109/lpcxpresso/tools/bin/../lib/gcc/arm-none-eabi/4.6.2/../../../../arm-none-eabi/lib/armv7-m\libcr_nohost.a(__sys_seek.o)
                0x0000920a                __sys_seek
 .text.__sys_tmpnam
                0x00009210        0x6 c:/nxp/lpcxpresso_5.0.14_1109/lpcxpresso/tools/bin/../lib/gcc/arm-none-eabi/4.6.2/../../../../arm-none-eabi/lib/armv7-m\libcr_nohost.a(__sys_tmpnam.o)
                0x00009210                __sys_tmpnam
 .text.__sys_write
                0x00009216        0x4 c:/nxp/lpcxpresso_5.0.14_1109/lpcxpresso/tools/bin/../lib/gcc/arm-none-eabi/4.6.2/../../../../arm-none-eabi/lib/armv7-m\libcr_nohost.a(__sys_write.o)
                0x00009216                __sys_write
                0x00009216                __write
 *fill*         0x0000921a        0x2 00
 .text._sbrk    0x0000921c       0x40 c:/nxp/lpcxpresso_5.0.14_1109/lpcxpresso/tools/bin/../lib/gcc/arm-none-eabi/4.6.2/../../../../arm-none-eabi/lib/armv7-m\libcr_nohost.a(_cr_sbrk.o)
                0x0000921c                _sbrk
 .text.__check_heap_overflow
                0x0000925c       0x2c c:/nxp/lpcxpresso_5.0.14_1109/lpcxpresso/tools/bin/../lib/gcc/arm-none-eabi/4.6.2/../../../../arm-none-eabi/lib/armv7-m\libcr_nohost.a(_cr_check_heap.o)
                0x0000925c                __check_heap_overflow
 *(.rodata .rodata.*)
 .rodata.heapSTRUCT_SIZE
                0x00009288        0x2 ./Source/FreeRTOS-Products/FreeRTOS/portable/MemMang/heap_2.o
 *fill*         0x0000928a        0x2 00
 .rodata.xIRQ   0x0000928c        0x4 ./Source/FreeRTOS-Products/FreeRTOS-Plus-IO/Device/LPC17xx/FreeRTOS_lpc17xx_can.o
 .rodata.xIRQ   0x00009290        0x4 ./Source/FreeRTOS-Products/FreeRTOS-Plus-IO/Device/LPC17xx/FreeRTOS_lpc17xx_i2c.o
 .rodata.xIRQ   0x00009294        0x4 ./Source/FreeRTOS-Products/FreeRTOS-Plus-IO/Device/LPC17xx/FreeRTOS_lpc17xx_ssp.o
 .rodata.xIRQ   0x00009298        0x4 ./Source/FreeRTOS-Products/FreeRTOS-Plus-IO/Device/LPC17xx/FreeRTOS_lpc17xx_uart.o
 .rodata        0x0000929c       0x28 ./Source/FreeRTOS-Products/FreeRTOS-Plus-IO/Common/FreeRTOS_DriverInterface.o
 .rodata.xAvailablePeripherals
                0x000092c4       0x3c ./Source/FreeRTOS-Products/FreeRTOS-Plus-IO/Common/FreeRTOS_DriverInterface.o
 .rodata        0x00009300       0x50 ./Source/FreeRTOS-Products/FreeRTOS/tasks.o
 .rodata.ucExpectedStackBytes.4450
                0x00009350       0x14 ./Source/FreeRTOS-Products/FreeRTOS/tasks.o
 .rodata        0x00009364        0x8 ./Source/FreeRTOS-Products/FreeRTOS/timers.o
 .rodata.ucLEDPorts
                0x0000936c        0x4 ./Source/Examples/GPIO/GPIO-output-and-software-timers.o
                0x0000936c                ucLEDPorts
 .rodata        0x00009370        0x8 ./Source/Examples/GPIO/GPIO-output-and-software-timers.o
 .rodata        0x00009378       0x10 ./Source/Examples/CAN/can.o
 .rodata        0x00009388       0x18 C:\Documents and Settings\DESD30\My Documents\LPCXpresso_5.0.14_1109\sat_irq\lpc17xx.cmsis.driver.library\Debug\liblpc17xx.cmsis.driver.library.a(lpc17xx_can.o)
 .rodata        0x000093a0       0x18 C:\Documents and Settings\DESD30\My Documents\LPCXpresso_5.0.14_1109\sat_irq\lpc17xx.cmsis.driver.library\Debug\liblpc17xx.cmsis.driver.library.a(lpc17xx_i2c.o)
 .rodata        0x000093b8       0x18 C:\Documents and Settings\DESD30\My Documents\LPCXpresso_5.0.14_1109\sat_irq\lpc17xx.cmsis.driver.library\Debug\liblpc17xx.cmsis.driver.library.a(lpc17xx_ssp.o)
 .rodata        0x000093d0       0x1c C:\Documents and Settings\DESD30\My Documents\LPCXpresso_5.0.14_1109\sat_irq\lpc17xx.cmsis.driver.library\Debug\liblpc17xx.cmsis.driver.library.a(lpc17xx_uart.o)
 .rodata.str1.1
                0x000093ec        0x4 c:/nxp/lpcxpresso_5.0.14_1109/lpcxpresso/tools/bin/../lib/gcc/arm-none-eabi/4.6.2/../../../../arm-none-eabi/lib/armv7-m\libcr_c.a(initio.o)
 .rodata.str1.1
                0x000093f0       0x18 c:/nxp/lpcxpresso_5.0.14_1109/lpcxpresso/tools/bin/../lib/gcc/arm-none-eabi/4.6.2/../../../../arm-none-eabi/lib/armv7-m\libcr_c.a(alloc.o)
                0x00009408                . = ALIGN (0x4)

.glue_7         0x00009408        0x0
 .glue_7        0x00000000        0x0 linker stubs

.glue_7t        0x00009408        0x0
 .glue_7t       0x00000000        0x0 linker stubs

.vfp11_veneer   0x00009408        0x0
 .vfp11_veneer  0x00000000        0x0 linker stubs

.v4_bx          0x00009408        0x0
 .v4_bx         0x00000000        0x0 linker stubs

.ARM.extab
 *(.ARM.extab* .gnu.linkonce.armextab.*)
                0x00009408                __exidx_start = .

.ARM.exidx
 *(.ARM.exidx* .gnu.linkonce.armexidx.*)
                0x00009408                __exidx_end = .
                0x00009408                _etext = .

.data_RAM2      0x2007c000        0x0 load address 0x00009408
 FILL mask 0xff
 *(.data.$RAM2*)
 *(.data.$RamAHB32*)
                0x2007c000                . = ALIGN (0x4)

.uninit_RESERVED
                0x10000000        0x0
 *(.bss.$RESERVED*)
                0x10000000                . = ALIGN (0x4)
                0x10000000                _end_uninit_RESERVED = .

.data           0x10000000       0x20 load address 0x00009408
 FILL mask 0xff
                0x10000000                _data = .
 *(vtable)
 *(.data*)
 .data.xFreeBytesRemaining
                0x10000000        0x4 ./Source/FreeRTOS-Products/FreeRTOS/portable/MemMang/heap_2.o
 .data.uxCriticalNesting
                0x10000004        0x4 ./Source/FreeRTOS-Products/FreeRTOS/portable/GCC/ARM_CM3/port.o
 .data.xNextTaskUnblockTime
                0x10000008        0x4 ./Source/FreeRTOS-Products/FreeRTOS/tasks.o
 .data.UART0TxEmpty
                0x1000000c        0x1 ./Source/Examples/UART/newuart.o
                0x1000000c                UART0TxEmpty
 .data.UART1TxEmpty
                0x1000000d        0x1 ./Source/Examples/UART/newuart.o
                0x1000000d                UART1TxEmpty
 .data.UART3TxEmpty
                0x1000000e        0x1 ./Source/Examples/UART/newuart.o
                0x1000000e                UART3TxEmpty
 *fill*         0x1000000f        0x1 00
 .data.ulLEDBits
                0x10000010        0x8 ./Source/Examples/GPIO/GPIO-output-and-software-timers.o
                0x10000010                ulLEDBits
 .data.ucState.5731
                0x10000018        0x1 ./Source/Examples/GPIO/GPIO-output-and-software-timers.o
 *fill*         0x10000019        0x3 00
 .data.SystemCoreClock
                0x1000001c        0x4 C:\Documents and Settings\DESD30\My Documents\LPCXpresso_5.0.14_1109\sat_irq\CMSISv2p00_LPC17xx\Debug\libCMSISv2p00_LPC17xx.a(system_LPC17xx.o)
                0x1000001c                SystemCoreClock
                0x10000020                . = ALIGN (0x4)
                0x10000020                _edata = .

.bss_RAM2       0x2007c000        0x0
 *(.bss.$RAM2*)
 *(.bss.$RamAHB32*)
                0x2007c000                . = ALIGN (0x4)

.bss            0x10000020     0x40d0
                0x10000020                _bss = .
 *(.bss*)
 .bss.xHeap     0x10000020     0x3c00 ./Source/FreeRTOS-Products/FreeRTOS/portable/MemMang/heap_2.o
 .bss.xStart    0x10003c20        0x8 ./Source/FreeRTOS-Products/FreeRTOS/portable/MemMang/heap_2.o
 .bss.xEnd      0x10003c28        0x8 ./Source/FreeRTOS-Products/FreeRTOS/portable/MemMang/heap_2.o
 .bss.xHeapHasBeenInitialised.3992
                0x10003c30        0x4 ./Source/FreeRTOS-Products/FreeRTOS/portable/MemMang/heap_2.o
 .bss.CAN_TxMsg
                0x10003c34       0x10 ./Source/FreeRTOS-Products/FreeRTOS-Plus-IO/Device/LPC17xx/FreeRTOS_lpc17xx_can.o
 .bss.CAN_RxMsg
                0x10003c44       0x10 ./Source/FreeRTOS-Products/FreeRTOS-Plus-IO/Device/LPC17xx/FreeRTOS_lpc17xx_can.o
 .bss.status    0x10003c54        0x1 ./Source/FreeRTOS-Products/FreeRTOS-Plus-IO/Device/LPC17xx/FreeRTOS_lpc17xx_can.o
 .bss.enable_irq
                0x10003c55        0x1 ./Source/FreeRTOS-Products/FreeRTOS-Plus-IO/Device/LPC17xx/FreeRTOS_lpc17xx_can.o
 *fill*         0x10003c56        0x2 00
 .bss.pxTxTransferControlStructs
                0x10003c58        0xc ./Source/FreeRTOS-Products/FreeRTOS-Plus-IO/Device/LPC17xx/FreeRTOS_lpc17xx_i2c.o
 .bss.pxRxTransferControlStructs
                0x10003c64        0xc ./Source/FreeRTOS-Products/FreeRTOS-Plus-IO/Device/LPC17xx/FreeRTOS_lpc17xx_i2c.o
 .bss.ucSlaveAddresses
                0x10003c70        0x4 ./Source/FreeRTOS-Products/FreeRTOS-Plus-IO/Device/LPC17xx/FreeRTOS_lpc17xx_i2c.o
 .bss.xDataDirection
                0x10003c74        0x4 ./Source/FreeRTOS-Products/FreeRTOS-Plus-IO/Device/LPC17xx/FreeRTOS_lpc17xx_i2c.o
 .bss.xBytesOutstanding
                0x10003c78        0xc ./Source/FreeRTOS-Products/FreeRTOS-Plus-IO/Device/LPC17xx/FreeRTOS_lpc17xx_i2c.o
 .bss.pxTxTransferControlStructs
                0x10003c84        0x8 ./Source/FreeRTOS-Products/FreeRTOS-Plus-IO/Device/LPC17xx/FreeRTOS_lpc17xx_ssp.o
 .bss.pxRxTransferControlStructs
                0x10003c8c        0x8 ./Source/FreeRTOS-Products/FreeRTOS-Plus-IO/Device/LPC17xx/FreeRTOS_lpc17xx_ssp.o
 .bss.ulReceiveActive
                0x10003c94        0x8 ./Source/FreeRTOS-Products/FreeRTOS-Plus-IO/Device/LPC17xx/FreeRTOS_lpc17xx_ssp.o
 .bss.xSSPConfigurations
                0x10003c9c       0x30 ./Source/FreeRTOS-Products/FreeRTOS-Plus-IO/Device/LPC17xx/FreeRTOS_lpc17xx_ssp.o
 .bss.pxTxTransferControlStructs
                0x10003ccc       0x10 ./Source/FreeRTOS-Products/FreeRTOS-Plus-IO/Device/LPC17xx/FreeRTOS_lpc17xx_uart.o
 .bss.pxRxTransferControlStructs
                0x10003cdc       0x10 ./Source/FreeRTOS-Products/FreeRTOS-Plus-IO/Device/LPC17xx/FreeRTOS_lpc17xx_uart.o
 .bss.pxCurrentTCB
                0x10003cec        0x4 ./Source/FreeRTOS-Products/FreeRTOS/tasks.o
                0x10003cec                pxCurrentTCB
 .bss.pxReadyTasksLists
                0x10003cf0       0x8c ./Source/FreeRTOS-Products/FreeRTOS/tasks.o
 .bss.xDelayedTaskList1
                0x10003d7c       0x14 ./Source/FreeRTOS-Products/FreeRTOS/tasks.o
 .bss.xDelayedTaskList2
                0x10003d90       0x14 ./Source/FreeRTOS-Products/FreeRTOS/tasks.o
 .bss.pxDelayedTaskList
                0x10003da4        0x4 ./Source/FreeRTOS-Products/FreeRTOS/tasks.o
 .bss.pxOverflowDelayedTaskList
                0x10003da8        0x4 ./Source/FreeRTOS-Products/FreeRTOS/tasks.o
 .bss.xPendingReadyList
                0x10003dac       0x14 ./Source/FreeRTOS-Products/FreeRTOS/tasks.o
 .bss.xTasksWaitingTermination
                0x10003dc0       0x14 ./Source/FreeRTOS-Products/FreeRTOS/tasks.o
 .bss.uxTasksDeleted
                0x10003dd4        0x4 ./Source/FreeRTOS-Products/FreeRTOS/tasks.o
 .bss.xSuspendedTaskList
                0x10003dd8       0x14 ./Source/FreeRTOS-Products/FreeRTOS/tasks.o
 .bss.uxCurrentNumberOfTasks
                0x10003dec        0x4 ./Source/FreeRTOS-Products/FreeRTOS/tasks.o
 .bss.xTickCount
                0x10003df0        0x4 ./Source/FreeRTOS-Products/FreeRTOS/tasks.o
 .bss.uxTopUsedPriority
                0x10003df4        0x4 ./Source/FreeRTOS-Products/FreeRTOS/tasks.o
 .bss.uxTopReadyPriority
                0x10003df8        0x4 ./Source/FreeRTOS-Products/FreeRTOS/tasks.o
 .bss.xSchedulerRunning
                0x10003dfc        0x4 ./Source/FreeRTOS-Products/FreeRTOS/tasks.o
 .bss.uxSchedulerSuspended
                0x10003e00        0x4 ./Source/FreeRTOS-Products/FreeRTOS/tasks.o
 .bss.uxMissedTicks
                0x10003e04        0x4 ./Source/FreeRTOS-Products/FreeRTOS/tasks.o
 .bss.xMissedYield
                0x10003e08        0x4 ./Source/FreeRTOS-Products/FreeRTOS/tasks.o
 .bss.xNumOfOverflows
                0x10003e0c        0x4 ./Source/FreeRTOS-Products/FreeRTOS/tasks.o
 .bss.uxTaskNumber
                0x10003e10        0x4 ./Source/FreeRTOS-Products/FreeRTOS/tasks.o
 .bss.ulTaskSwitchedInTime
                0x10003e14        0x4 ./Source/FreeRTOS-Products/FreeRTOS/tasks.o
 .bss.xActiveTimerList1
                0x10003e18       0x14 ./Source/FreeRTOS-Products/FreeRTOS/timers.o
 .bss.xActiveTimerList2
                0x10003e2c       0x14 ./Source/FreeRTOS-Products/FreeRTOS/timers.o
 .bss.pxCurrentTimerList
                0x10003e40        0x4 ./Source/FreeRTOS-Products/FreeRTOS/timers.o
 .bss.pxOverflowTimerList
                0x10003e44        0x4 ./Source/FreeRTOS-Products/FreeRTOS/timers.o
 .bss.xTimerQueue
                0x10003e48        0x4 ./Source/FreeRTOS-Products/FreeRTOS/timers.o
 .bss.xLastTime.4041
                0x10003e4c        0x4 ./Source/FreeRTOS-Products/FreeRTOS/timers.o
 .bss.UART0Count
                0x10003e50        0x4 ./Source/Examples/UART/newuart.o
                0x10003e50                UART0Count
 .bss.UART1Count
                0x10003e54        0x4 ./Source/Examples/UART/newuart.o
                0x10003e54                UART1Count
 .bss.UART3Count
                0x10003e58        0x4 ./Source/Examples/UART/newuart.o
                0x10003e58                UART3Count
 .bss.xGPIOTimer
                0x10003e5c        0x4 ./Source/Examples/GPIO/GPIO-output-and-software-timers.o
 .bss.ucLED.5730
                0x10003e60        0x1 ./Source/Examples/GPIO/GPIO-output-and-software-timers.o
 *fill*         0x10003e61        0x3 00
 .bss.xCAN.5780
                0x10003e64        0x4 ./Source/Examples/CAN/can.o
 .bss.ulClocksPer10thOfAMilliSecond
                0x10003e68        0x4 ./Source/main.o
 .bss.i2cdat    0x10003e6c       0x18 C:\Documents and Settings\DESD30\My Documents\LPCXpresso_5.0.14_1109\sat_irq\lpc17xx.cmsis.driver.library\Debug\liblpc17xx.cmsis.driver.library.a(lpc17xx_i2c.o)
 .bss.errno     0x10003e84        0x4 c:/nxp/lpcxpresso_5.0.14_1109/lpcxpresso/tools/bin/../lib/gcc/arm-none-eabi/4.6.2/../../../../arm-none-eabi/lib/armv7-m\libcr_c.a(errno.o)
                0x10003e84                errno
 *(COMMON)
 COMMON         0x10003e88       0x50 ./Source/FreeRTOS-Products/FreeRTOS/queue.o
                0x10003e88                xQueueRegistry
 COMMON         0x10003ed8       0xcc ./Source/Examples/UART/newuart.o
                0x10003ed8                UART1Buffer
                0x10003f18                UART3Status
                0x10003f1c                UART0Buffer
                0x10003f5c                UART1Status
                0x10003f60                UART3Buffer
                0x10003fa0                UART0Status
 COMMON         0x10003fa4        0x4 c:/nxp/lpcxpresso_5.0.14_1109/lpcxpresso/tools/bin/../lib/gcc/arm-none-eabi/4.6.2/../../../../arm-none-eabi/lib/armv7-m\libcr_c.a(initio.o)
                0x10003fa4                _extra
 COMMON         0x10003fa8      0x140 c:/nxp/lpcxpresso_5.0.14_1109/lpcxpresso/tools/bin/../lib/gcc/arm-none-eabi/4.6.2/../../../../arm-none-eabi/lib/armv7-m\libcr_c.a(stdio.o)
                0x10003fa8                __Ciob
 COMMON         0x100040e8        0x8 c:/nxp/lpcxpresso_5.0.14_1109/lpcxpresso/tools/bin/../lib/gcc/arm-none-eabi/4.6.2/../../../../arm-none-eabi/lib/armv7-m\libcr_c.a(__init_alloc.o)
                0x100040e8                __heaps
                0x100040ec                __end_of_heap
                0x100040f0                . = ALIGN (0x4)
                0x100040f0                _ebss = .
                0x100040f0                PROVIDE (end, .)

.noinit_RAM2    0x2007c000        0x0
 *(.noinit.$RAM2*)
 *(.noinit.$RamAHB32*)
                0x2007c000                . = ALIGN (0x4)

.noinit         0x100040f0        0x0
                0x100040f0                _noinit = .
 *(.noinit*)
                0x100040f0                . = ALIGN (0x4)
                0x100040f0                _end_noinit = .
                0x100040f0                PROVIDE (_pvHeapStart, .)
                0x10008000                PROVIDE (_vStackTop, (__top_RamLoc32 - 0x0))
OUTPUT(FreeRTOS-Plus-Demo-1.axf elf32-littlearm)

.debug_info     0x00000000    0x10739
 .debug_info    0x00000000      0x2cc ./Source/FreeRTOS-Products/FreeRTOS/portable/MemMang/heap_2.o
 .debug_info    0x000002cc      0x254 ./Source/FreeRTOS-Products/FreeRTOS/portable/GCC/ARM_CM3/port.o
 .debug_info    0x00000520      0x2dc ./Source/FreeRTOS-Products/FreeRTOS-Plus-IO/Device/LPC17xx/FreeRTOS_lpc17xx_DriverInterface.o
 .debug_info    0x000007fc      0xf2f ./Source/FreeRTOS-Products/FreeRTOS-Plus-IO/Device/LPC17xx/FreeRTOS_lpc17xx_can.o
 .debug_info    0x0000172b      0xf77 ./Source/FreeRTOS-Products/FreeRTOS-Plus-IO/Device/LPC17xx/FreeRTOS_lpc17xx_i2c.o
 .debug_info    0x000026a2      0xd3c ./Source/FreeRTOS-Products/FreeRTOS-Plus-IO/Device/LPC17xx/FreeRTOS_lpc17xx_ssp.o
 .debug_info    0x000033de     0x1047 ./Source/FreeRTOS-Products/FreeRTOS-Plus-IO/Device/LPC17xx/FreeRTOS_lpc17xx_uart.o
 .debug_info    0x00004425      0x8de ./Source/FreeRTOS-Products/FreeRTOS-Plus-IO/Common/FreeRTOS_DriverInterface.o
 .debug_info    0x00004d03      0x29a ./Source/FreeRTOS-Products/FreeRTOS-Plus-IO/Common/FreeRTOS_IOUtils.o
 .debug_info    0x00004f9d      0x610 ./Source/FreeRTOS-Products/FreeRTOS-Plus-IO/Common/IOUtils_CharQueueTxAndRx.o
 .debug_info    0x000055ad      0x4bd ./Source/FreeRTOS-Products/FreeRTOS-Plus-IO/Common/IOUtils_CircularBufferRx.o
 .debug_info    0x00005a6a      0x41f ./Source/FreeRTOS-Products/FreeRTOS-Plus-IO/Common/IOUtils_ZeroCopyTx.o
 .debug_info    0x00005e89      0x3d8 ./Source/FreeRTOS-Products/FreeRTOS-Plus-CLI/FreeRTOS_CLI.o
 .debug_info    0x00006261      0x4d8 ./Source/FreeRTOS-Products/FreeRTOS/croutine.o
 .debug_info    0x00006739      0x2ae ./Source/FreeRTOS-Products/FreeRTOS/list.o
 .debug_info    0x000069e7      0xaa6 ./Source/FreeRTOS-Products/FreeRTOS/queue.o
 .debug_info    0x0000748d     0x11f8 ./Source/FreeRTOS-Products/FreeRTOS/tasks.o
 .debug_info    0x00008685      0x761 ./Source/FreeRTOS-Products/FreeRTOS/timers.o
 .debug_info    0x00008de6     0x100d ./Source/Examples/UART/newuart.o
 .debug_info    0x00009df3      0x1d0 ./Source/Examples/GPIO/GPIO-output-and-software-timers.o
 .debug_info    0x00009fc3      0x3a4 ./Source/Examples/CAN/can.o
 .debug_info    0x0000a367      0x38b ./Source/cr_startup_lpc176x.o
 .debug_info    0x0000a6f2      0x3fb ./Source/main.o
 .debug_info    0x0000aaed      0x3e0 ./Source/printf-stdarg.o
 .debug_info    0x0000aecd     0x122d C:\Documents and Settings\DESD30\My Documents\LPCXpresso_5.0.14_1109\sat_irq\lpc17xx.cmsis.driver.library\Debug\liblpc17xx.cmsis.driver.library.a(lpc17xx_can.o)
 .debug_info    0x0000c0fa      0x6d7 C:\Documents and Settings\DESD30\My Documents\LPCXpresso_5.0.14_1109\sat_irq\lpc17xx.cmsis.driver.library\Debug\liblpc17xx.cmsis.driver.library.a(lpc17xx_clkpwr.o)
 .debug_info    0x0000c7d1      0xe30 C:\Documents and Settings\DESD30\My Documents\LPCXpresso_5.0.14_1109\sat_irq\lpc17xx.cmsis.driver.library\Debug\liblpc17xx.cmsis.driver.library.a(lpc17xx_gpio.o)
 .debug_info    0x0000d601      0xdba C:\Documents and Settings\DESD30\My Documents\LPCXpresso_5.0.14_1109\sat_irq\lpc17xx.cmsis.driver.library\Debug\liblpc17xx.cmsis.driver.library.a(lpc17xx_i2c.o)
 .debug_info    0x0000e3bb       0xd4 C:\Documents and Settings\DESD30\My Documents\LPCXpresso_5.0.14_1109\sat_irq\lpc17xx.cmsis.driver.library\Debug\liblpc17xx.cmsis.driver.library.a(lpc17xx_libcfg_default.o)
 .debug_info    0x0000e48f      0x4b9 C:\Documents and Settings\DESD30\My Documents\LPCXpresso_5.0.14_1109\sat_irq\lpc17xx.cmsis.driver.library\Debug\liblpc17xx.cmsis.driver.library.a(lpc17xx_pinsel.o)
 .debug_info    0x0000e948      0x78c C:\Documents and Settings\DESD30\My Documents\LPCXpresso_5.0.14_1109\sat_irq\lpc17xx.cmsis.driver.library\Debug\liblpc17xx.cmsis.driver.library.a(lpc17xx_ssp.o)
 .debug_info    0x0000f0d4     0x12d6 C:\Documents and Settings\DESD30\My Documents\LPCXpresso_5.0.14_1109\sat_irq\lpc17xx.cmsis.driver.library\Debug\liblpc17xx.cmsis.driver.library.a(lpc17xx_uart.o)
 .debug_info    0x000103aa      0x38f C:\Documents and Settings\DESD30\My Documents\LPCXpresso_5.0.14_1109\sat_irq\CMSISv2p00_LPC17xx\Debug\libCMSISv2p00_LPC17xx.a(system_LPC17xx.o)

.debug_abbrev   0x00000000     0x2cfe
 .debug_abbrev  0x00000000      0x16f ./Source/FreeRTOS-Products/FreeRTOS/portable/MemMang/heap_2.o
 .debug_abbrev  0x0000016f      0x174 ./Source/FreeRTOS-Products/FreeRTOS/portable/GCC/ARM_CM3/port.o
 .debug_abbrev  0x000002e3       0xd2 ./Source/FreeRTOS-Products/FreeRTOS-Plus-IO/Device/LPC17xx/FreeRTOS_lpc17xx_DriverInterface.o
 .debug_abbrev  0x000003b5      0x1d9 ./Source/FreeRTOS-Products/FreeRTOS-Plus-IO/Device/LPC17xx/FreeRTOS_lpc17xx_can.o
 .debug_abbrev  0x0000058e      0x200 ./Source/FreeRTOS-Products/FreeRTOS-Plus-IO/Device/LPC17xx/FreeRTOS_lpc17xx_i2c.o
 .debug_abbrev  0x0000078e      0x1fc ./Source/FreeRTOS-Products/FreeRTOS-Plus-IO/Device/LPC17xx/FreeRTOS_lpc17xx_ssp.o
 .debug_abbrev  0x0000098a      0x230 ./Source/FreeRTOS-Products/FreeRTOS-Plus-IO/Device/LPC17xx/FreeRTOS_lpc17xx_uart.o
 .debug_abbrev  0x00000bba      0x164 ./Source/FreeRTOS-Products/FreeRTOS-Plus-IO/Common/FreeRTOS_DriverInterface.o
 .debug_abbrev  0x00000d1e       0xb0 ./Source/FreeRTOS-Products/FreeRTOS-Plus-IO/Common/FreeRTOS_IOUtils.o
 .debug_abbrev  0x00000dce       0xfe ./Source/FreeRTOS-Products/FreeRTOS-Plus-IO/Common/IOUtils_CharQueueTxAndRx.o
 .debug_abbrev  0x00000ecc       0xfe ./Source/FreeRTOS-Products/FreeRTOS-Plus-IO/Common/IOUtils_CircularBufferRx.o
 .debug_abbrev  0x00000fca       0xe9 ./Source/FreeRTOS-Products/FreeRTOS-Plus-IO/Common/IOUtils_ZeroCopyTx.o
 .debug_abbrev  0x000010b3      0x10e ./Source/FreeRTOS-Products/FreeRTOS-Plus-CLI/FreeRTOS_CLI.o
 .debug_abbrev  0x000011c1      0x188 ./Source/FreeRTOS-Products/FreeRTOS/croutine.o
 .debug_abbrev  0x00001349       0xba ./Source/FreeRTOS-Products/FreeRTOS/list.o
 .debug_abbrev  0x00001403      0x137 ./Source/FreeRTOS-Products/FreeRTOS/queue.o
 .debug_abbrev  0x0000153a      0x184 ./Source/FreeRTOS-Products/FreeRTOS/tasks.o
 .debug_abbrev  0x000016be      0x132 ./Source/FreeRTOS-Products/FreeRTOS/timers.o
 .debug_abbrev  0x000017f0      0x1e1 ./Source/Examples/UART/newuart.o
 .debug_abbrev  0x000019d1       0xee ./Source/Examples/GPIO/GPIO-output-and-software-timers.o
 .debug_abbrev  0x00001abf      0x10c ./Source/Examples/CAN/can.o
 .debug_abbrev  0x00001bcb      0x141 ./Source/cr_startup_lpc176x.o
 .debug_abbrev  0x00001d0c      0x181 ./Source/main.o
 .debug_abbrev  0x00001e8d      0x142 ./Source/printf-stdarg.o
 .debug_abbrev  0x00001fcf      0x1da C:\Documents and Settings\DESD30\My Documents\LPCXpresso_5.0.14_1109\sat_irq\lpc17xx.cmsis.driver.library\Debug\liblpc17xx.cmsis.driver.library.a(lpc17xx_can.o)
 .debug_abbrev  0x000021a9      0x197 C:\Documents and Settings\DESD30\My Documents\LPCXpresso_5.0.14_1109\sat_irq\lpc17xx.cmsis.driver.library\Debug\liblpc17xx.cmsis.driver.library.a(lpc17xx_clkpwr.o)
 .debug_abbrev  0x00002340      0x1cb C:\Documents and Settings\DESD30\My Documents\LPCXpresso_5.0.14_1109\sat_irq\lpc17xx.cmsis.driver.library\Debug\liblpc17xx.cmsis.driver.library.a(lpc17xx_gpio.o)
 .debug_abbrev  0x0000250b      0x21a C:\Documents and Settings\DESD30\My Documents\LPCXpresso_5.0.14_1109\sat_irq\lpc17xx.cmsis.driver.library\Debug\liblpc17xx.cmsis.driver.library.a(lpc17xx_i2c.o)
 .debug_abbrev  0x00002725       0x6a C:\Documents and Settings\DESD30\My Documents\LPCXpresso_5.0.14_1109\sat_irq\lpc17xx.cmsis.driver.library\Debug\liblpc17xx.cmsis.driver.library.a(lpc17xx_libcfg_default.o)
 .debug_abbrev  0x0000278f      0x11f C:\Documents and Settings\DESD30\My Documents\LPCXpresso_5.0.14_1109\sat_irq\lpc17xx.cmsis.driver.library\Debug\liblpc17xx.cmsis.driver.library.a(lpc17xx_pinsel.o)
 .debug_abbrev  0x000028ae      0x19d C:\Documents and Settings\DESD30\My Documents\LPCXpresso_5.0.14_1109\sat_irq\lpc17xx.cmsis.driver.library\Debug\liblpc17xx.cmsis.driver.library.a(lpc17xx_ssp.o)
 .debug_abbrev  0x00002a4b      0x1d0 C:\Documents and Settings\DESD30\My Documents\LPCXpresso_5.0.14_1109\sat_irq\lpc17xx.cmsis.driver.library\Debug\liblpc17xx.cmsis.driver.library.a(lpc17xx_uart.o)
 .debug_abbrev  0x00002c1b       0xe3 C:\Documents and Settings\DESD30\My Documents\LPCXpresso_5.0.14_1109\sat_irq\CMSISv2p00_LPC17xx\Debug\libCMSISv2p00_LPC17xx.a(system_LPC17xx.o)

.debug_loc      0x00000000     0x480b
 .debug_loc     0x00000000       0xc8 ./Source/FreeRTOS-Products/FreeRTOS/portable/MemMang/heap_2.o
 .debug_loc     0x000000c8      0x16c ./Source/FreeRTOS-Products/FreeRTOS/portable/GCC/ARM_CM3/port.o
 .debug_loc     0x00000234       0x38 ./Source/FreeRTOS-Products/FreeRTOS-Plus-IO/Device/LPC17xx/FreeRTOS_lpc17xx_DriverInterface.o
 .debug_loc     0x0000026c      0x1c4 ./Source/FreeRTOS-Products/FreeRTOS-Plus-IO/Device/LPC17xx/FreeRTOS_lpc17xx_can.o
 .debug_loc     0x00000430      0x1c4 ./Source/FreeRTOS-Products/FreeRTOS-Plus-IO/Device/LPC17xx/FreeRTOS_lpc17xx_i2c.o
 .debug_loc     0x000005f4      0x1f8 ./Source/FreeRTOS-Products/FreeRTOS-Plus-IO/Device/LPC17xx/FreeRTOS_lpc17xx_ssp.o
 .debug_loc     0x000007ec      0x1c2 ./Source/FreeRTOS-Products/FreeRTOS-Plus-IO/Device/LPC17xx/FreeRTOS_lpc17xx_uart.o
 .debug_loc     0x000009ae       0x70 ./Source/FreeRTOS-Products/FreeRTOS-Plus-IO/Common/FreeRTOS_DriverInterface.o
 .debug_loc     0x00000a1e       0x38 ./Source/FreeRTOS-Products/FreeRTOS-Plus-IO/Common/FreeRTOS_IOUtils.o
 .debug_loc     0x00000a56      0x188 ./Source/FreeRTOS-Products/FreeRTOS-Plus-IO/Common/IOUtils_CharQueueTxAndRx.o
 .debug_loc     0x00000bde       0xe0 ./Source/FreeRTOS-Products/FreeRTOS-Plus-IO/Common/IOUtils_CircularBufferRx.o
 .debug_loc     0x00000cbe       0xa8 ./Source/FreeRTOS-Products/FreeRTOS-Plus-IO/Common/IOUtils_ZeroCopyTx.o
 .debug_loc     0x00000d66      0x144 ./Source/FreeRTOS-Products/FreeRTOS-Plus-CLI/FreeRTOS_CLI.o
 .debug_loc     0x00000eaa      0x188 ./Source/FreeRTOS-Products/FreeRTOS/croutine.o
 .debug_loc     0x00001032      0x118 ./Source/FreeRTOS-Products/FreeRTOS/list.o
 .debug_loc     0x0000114a      0x5e8 ./Source/FreeRTOS-Products/FreeRTOS/queue.o
 .debug_loc     0x00001732      0x972 ./Source/FreeRTOS-Products/FreeRTOS/tasks.o
 .debug_loc     0x000020a4      0x304 ./Source/FreeRTOS-Products/FreeRTOS/timers.o
 .debug_loc     0x000023a8      0x150 ./Source/Examples/UART/newuart.o
 .debug_loc     0x000024f8       0x70 ./Source/Examples/GPIO/GPIO-output-and-software-timers.o
 .debug_loc     0x00002568       0x72 ./Source/Examples/CAN/can.o
 .debug_loc     0x000025da      0x20e ./Source/cr_startup_lpc176x.o
 .debug_loc     0x000027e8      0x12c ./Source/main.o
 .debug_loc     0x00002914      0x1e7 ./Source/printf-stdarg.o
 .debug_loc     0x00002afb      0x466 C:\Documents and Settings\DESD30\My Documents\LPCXpresso_5.0.14_1109\sat_irq\lpc17xx.cmsis.driver.library\Debug\liblpc17xx.cmsis.driver.library.a(lpc17xx_can.o)
 .debug_loc     0x00002f61      0x190 C:\Documents and Settings\DESD30\My Documents\LPCXpresso_5.0.14_1109\sat_irq\lpc17xx.cmsis.driver.library\Debug\liblpc17xx.cmsis.driver.library.a(lpc17xx_clkpwr.o)
 .debug_loc     0x000030f1      0x620 C:\Documents and Settings\DESD30\My Documents\LPCXpresso_5.0.14_1109\sat_irq\lpc17xx.cmsis.driver.library\Debug\liblpc17xx.cmsis.driver.library.a(lpc17xx_gpio.o)
 .debug_loc     0x00003711      0x508 C:\Documents and Settings\DESD30\My Documents\LPCXpresso_5.0.14_1109\sat_irq\lpc17xx.cmsis.driver.library\Debug\liblpc17xx.cmsis.driver.library.a(lpc17xx_i2c.o)
 .debug_loc     0x00003c19       0x38 C:\Documents and Settings\DESD30\My Documents\LPCXpresso_5.0.14_1109\sat_irq\lpc17xx.cmsis.driver.library\Debug\liblpc17xx.cmsis.driver.library.a(lpc17xx_libcfg_default.o)
 .debug_loc     0x00003c51      0x150 C:\Documents and Settings\DESD30\My Documents\LPCXpresso_5.0.14_1109\sat_irq\lpc17xx.cmsis.driver.library\Debug\liblpc17xx.cmsis.driver.library.a(lpc17xx_pinsel.o)
 .debug_loc     0x00003da1      0x3f0 C:\Documents and Settings\DESD30\My Documents\LPCXpresso_5.0.14_1109\sat_irq\lpc17xx.cmsis.driver.library\Debug\liblpc17xx.cmsis.driver.library.a(lpc17xx_ssp.o)
 .debug_loc     0x00004191      0x65a C:\Documents and Settings\DESD30\My Documents\LPCXpresso_5.0.14_1109\sat_irq\lpc17xx.cmsis.driver.library\Debug\liblpc17xx.cmsis.driver.library.a(lpc17xx_uart.o)
 .debug_loc     0x000047eb       0x20 C:\Documents and Settings\DESD30\My Documents\LPCXpresso_5.0.14_1109\sat_irq\CMSISv2p00_LPC17xx\Debug\libCMSISv2p00_LPC17xx.a(system_LPC17xx.o)

.debug_aranges  0x00000000      0xdd8
 .debug_aranges
                0x00000000       0x38 ./Source/FreeRTOS-Products/FreeRTOS/portable/MemMang/heap_2.o
 .debug_aranges
                0x00000038       0x80 ./Source/FreeRTOS-Products/FreeRTOS/portable/GCC/ARM_CM3/port.o
 .debug_aranges
                0x000000b8       0x20 ./Source/FreeRTOS-Products/FreeRTOS-Plus-IO/Device/LPC17xx/FreeRTOS_lpc17xx_DriverInterface.o
 .debug_aranges
                0x000000d8       0x58 ./Source/FreeRTOS-Products/FreeRTOS-Plus-IO/Device/LPC17xx/FreeRTOS_lpc17xx_can.o
 .debug_aranges
                0x00000130       0x58 ./Source/FreeRTOS-Products/FreeRTOS-Plus-IO/Device/LPC17xx/FreeRTOS_lpc17xx_i2c.o
 .debug_aranges
                0x00000188       0x60 ./Source/FreeRTOS-Products/FreeRTOS-Plus-IO/Device/LPC17xx/FreeRTOS_lpc17xx_ssp.o
 .debug_aranges
                0x000001e8       0x58 ./Source/FreeRTOS-Products/FreeRTOS-Plus-IO/Device/LPC17xx/FreeRTOS_lpc17xx_uart.o
 .debug_aranges
                0x00000240       0x28 ./Source/FreeRTOS-Products/FreeRTOS-Plus-IO/Common/FreeRTOS_DriverInterface.o
 .debug_aranges
                0x00000268       0x20 ./Source/FreeRTOS-Products/FreeRTOS-Plus-IO/Common/FreeRTOS_IOUtils.o
 .debug_aranges
                0x00000288       0x50 ./Source/FreeRTOS-Products/FreeRTOS-Plus-IO/Common/IOUtils_CharQueueTxAndRx.o
 .debug_aranges
                0x000002d8       0x38 ./Source/FreeRTOS-Products/FreeRTOS-Plus-IO/Common/IOUtils_CircularBufferRx.o
 .debug_aranges
                0x00000310       0x30 ./Source/FreeRTOS-Products/FreeRTOS-Plus-IO/Common/IOUtils_ZeroCopyTx.o
 .debug_aranges
                0x00000340       0x48 ./Source/FreeRTOS-Products/FreeRTOS-Plus-CLI/FreeRTOS_CLI.o
 .debug_aranges
                0x00000388       0x50 ./Source/FreeRTOS-Products/FreeRTOS/croutine.o
 .debug_aranges
                0x000003d8       0x40 ./Source/FreeRTOS-Products/FreeRTOS/list.o
 .debug_aranges
                0x00000418       0xf0 ./Source/FreeRTOS-Products/FreeRTOS/queue.o
 .debug_aranges
                0x00000508      0x178 ./Source/FreeRTOS-Products/FreeRTOS/tasks.o
 .debug_aranges
                0x00000680       0x88 ./Source/FreeRTOS-Products/FreeRTOS/timers.o
 .debug_aranges
                0x00000708       0x48 ./Source/Examples/UART/newuart.o
 .debug_aranges
                0x00000750       0x28 ./Source/Examples/GPIO/GPIO-output-and-software-timers.o
 .debug_aranges
                0x00000778       0x28 ./Source/Examples/CAN/can.o
 .debug_aranges
                0x000007a0       0x88 ./Source/cr_startup_lpc176x.o
 .debug_aranges
                0x00000828       0x48 ./Source/main.o
 .debug_aranges
                0x00000870       0x58 ./Source/printf-stdarg.o
 .debug_aranges
                0x000008c8       0xb8 C:\Documents and Settings\DESD30\My Documents\LPCXpresso_5.0.14_1109\sat_irq\lpc17xx.cmsis.driver.library\Debug\liblpc17xx.cmsis.driver.library.a(lpc17xx_can.o)
 .debug_aranges
                0x00000980       0x58 C:\Documents and Settings\DESD30\My Documents\LPCXpresso_5.0.14_1109\sat_irq\lpc17xx.cmsis.driver.library\Debug\liblpc17xx.cmsis.driver.library.a(lpc17xx_clkpwr.o)
 .debug_aranges
                0x000009d8       0xf8 C:\Documents and Settings\DESD30\My Documents\LPCXpresso_5.0.14_1109\sat_irq\lpc17xx.cmsis.driver.library\Debug\liblpc17xx.cmsis.driver.library.a(lpc17xx_gpio.o)
 .debug_aranges
                0x00000ad0       0xd0 C:\Documents and Settings\DESD30\My Documents\LPCXpresso_5.0.14_1109\sat_irq\lpc17xx.cmsis.driver.library\Debug\liblpc17xx.cmsis.driver.library.a(lpc17xx_i2c.o)
 .debug_aranges
                0x00000ba0       0x20 C:\Documents and Settings\DESD30\My Documents\LPCXpresso_5.0.14_1109\sat_irq\lpc17xx.cmsis.driver.library\Debug\liblpc17xx.cmsis.driver.library.a(lpc17xx_libcfg_default.o)
 .debug_aranges
                0x00000bc0       0x48 C:\Documents and Settings\DESD30\My Documents\LPCXpresso_5.0.14_1109\sat_irq\lpc17xx.cmsis.driver.library\Debug\liblpc17xx.cmsis.driver.library.a(lpc17xx_pinsel.o)
 .debug_aranges
                0x00000c08       0xa8 C:\Documents and Settings\DESD30\My Documents\LPCXpresso_5.0.14_1109\sat_irq\lpc17xx.cmsis.driver.library\Debug\liblpc17xx.cmsis.driver.library.a(lpc17xx_ssp.o)
 .debug_aranges
                0x00000cb0      0x100 C:\Documents and Settings\DESD30\My Documents\LPCXpresso_5.0.14_1109\sat_irq\lpc17xx.cmsis.driver.library\Debug\liblpc17xx.cmsis.driver.library.a(lpc17xx_uart.o)
 .debug_aranges
                0x00000db0       0x28 C:\Documents and Settings\DESD30\My Documents\LPCXpresso_5.0.14_1109\sat_irq\CMSISv2p00_LPC17xx\Debug\libCMSISv2p00_LPC17xx.a(system_LPC17xx.o)

.debug_ranges   0x00000000      0xbe8
 .debug_ranges  0x00000000       0x28 ./Source/FreeRTOS-Products/FreeRTOS/portable/MemMang/heap_2.o
 .debug_ranges  0x00000028       0x70 ./Source/FreeRTOS-Products/FreeRTOS/portable/GCC/ARM_CM3/port.o
 .debug_ranges  0x00000098       0x10 ./Source/FreeRTOS-Products/FreeRTOS-Plus-IO/Device/LPC17xx/FreeRTOS_lpc17xx_DriverInterface.o
 .debug_ranges  0x000000a8       0x48 ./Source/FreeRTOS-Products/FreeRTOS-Plus-IO/Device/LPC17xx/FreeRTOS_lpc17xx_can.o
 .debug_ranges  0x000000f0       0x48 ./Source/FreeRTOS-Products/FreeRTOS-Plus-IO/Device/LPC17xx/FreeRTOS_lpc17xx_i2c.o
 .debug_ranges  0x00000138       0x50 ./Source/FreeRTOS-Products/FreeRTOS-Plus-IO/Device/LPC17xx/FreeRTOS_lpc17xx_ssp.o
 .debug_ranges  0x00000188       0x68 ./Source/FreeRTOS-Products/FreeRTOS-Plus-IO/Device/LPC17xx/FreeRTOS_lpc17xx_uart.o
 .debug_ranges  0x000001f0       0x18 ./Source/FreeRTOS-Products/FreeRTOS-Plus-IO/Common/FreeRTOS_DriverInterface.o
 .debug_ranges  0x00000208       0x10 ./Source/FreeRTOS-Products/FreeRTOS-Plus-IO/Common/FreeRTOS_IOUtils.o
 .debug_ranges  0x00000218       0x40 ./Source/FreeRTOS-Products/FreeRTOS-Plus-IO/Common/IOUtils_CharQueueTxAndRx.o
 .debug_ranges  0x00000258       0x28 ./Source/FreeRTOS-Products/FreeRTOS-Plus-IO/Common/IOUtils_CircularBufferRx.o
 .debug_ranges  0x00000280       0x20 ./Source/FreeRTOS-Products/FreeRTOS-Plus-IO/Common/IOUtils_ZeroCopyTx.o
 .debug_ranges  0x000002a0       0x38 ./Source/FreeRTOS-Products/FreeRTOS-Plus-CLI/FreeRTOS_CLI.o
 .debug_ranges  0x000002d8       0x40 ./Source/FreeRTOS-Products/FreeRTOS/croutine.o
 .debug_ranges  0x00000318       0x30 ./Source/FreeRTOS-Products/FreeRTOS/list.o
 .debug_ranges  0x00000348       0xe0 ./Source/FreeRTOS-Products/FreeRTOS/queue.o
 .debug_ranges  0x00000428      0x168 ./Source/FreeRTOS-Products/FreeRTOS/tasks.o
 .debug_ranges  0x00000590       0x78 ./Source/FreeRTOS-Products/FreeRTOS/timers.o
 .debug_ranges  0x00000608       0x38 ./Source/Examples/UART/newuart.o
 .debug_ranges  0x00000640       0x18 ./Source/Examples/GPIO/GPIO-output-and-software-timers.o
 .debug_ranges  0x00000658       0x18 ./Source/Examples/CAN/can.o
 .debug_ranges  0x00000670       0x78 ./Source/cr_startup_lpc176x.o
 .debug_ranges  0x000006e8       0x38 ./Source/main.o
 .debug_ranges  0x00000720       0x48 ./Source/printf-stdarg.o
 .debug_ranges  0x00000768       0xa8 C:\Documents and Settings\DESD30\My Documents\LPCXpresso_5.0.14_1109\sat_irq\lpc17xx.cmsis.driver.library\Debug\liblpc17xx.cmsis.driver.library.a(lpc17xx_can.o)
 .debug_ranges  0x00000810       0x48 C:\Documents and Settings\DESD30\My Documents\LPCXpresso_5.0.14_1109\sat_irq\lpc17xx.cmsis.driver.library\Debug\liblpc17xx.cmsis.driver.library.a(lpc17xx_clkpwr.o)
 .debug_ranges  0x00000858       0xe8 C:\Documents and Settings\DESD30\My Documents\LPCXpresso_5.0.14_1109\sat_irq\lpc17xx.cmsis.driver.library\Debug\liblpc17xx.cmsis.driver.library.a(lpc17xx_gpio.o)
 .debug_ranges  0x00000940       0xc0 C:\Documents and Settings\DESD30\My Documents\LPCXpresso_5.0.14_1109\sat_irq\lpc17xx.cmsis.driver.library\Debug\liblpc17xx.cmsis.driver.library.a(lpc17xx_i2c.o)
 .debug_ranges  0x00000a00       0x10 C:\Documents and Settings\DESD30\My Documents\LPCXpresso_5.0.14_1109\sat_irq\lpc17xx.cmsis.driver.library\Debug\liblpc17xx.cmsis.driver.library.a(lpc17xx_libcfg_default.o)
 .debug_ranges  0x00000a10       0x38 C:\Documents and Settings\DESD30\My Documents\LPCXpresso_5.0.14_1109\sat_irq\lpc17xx.cmsis.driver.library\Debug\liblpc17xx.cmsis.driver.library.a(lpc17xx_pinsel.o)
 .debug_ranges  0x00000a48       0x98 C:\Documents and Settings\DESD30\My Documents\LPCXpresso_5.0.14_1109\sat_irq\lpc17xx.cmsis.driver.library\Debug\liblpc17xx.cmsis.driver.library.a(lpc17xx_ssp.o)
 .debug_ranges  0x00000ae0       0xf0 C:\Documents and Settings\DESD30\My Documents\LPCXpresso_5.0.14_1109\sat_irq\lpc17xx.cmsis.driver.library\Debug\liblpc17xx.cmsis.driver.library.a(lpc17xx_uart.o)
 .debug_ranges  0x00000bd0       0x18 C:\Documents and Settings\DESD30\My Documents\LPCXpresso_5.0.14_1109\sat_irq\CMSISv2p00_LPC17xx\Debug\libCMSISv2p00_LPC17xx.a(system_LPC17xx.o)

.debug_line     0x00000000    0x110ef
 .debug_line    0x00000000      0x60f ./Source/FreeRTOS-Products/FreeRTOS/portable/MemMang/heap_2.o
 .debug_line    0x0000060f      0x657 ./Source/FreeRTOS-Products/FreeRTOS/portable/GCC/ARM_CM3/port.o
 .debug_line    0x00000c66      0x689 ./Source/FreeRTOS-Products/FreeRTOS-Plus-IO/Device/LPC17xx/FreeRTOS_lpc17xx_DriverInterface.o
 .debug_line    0x000012ef      0xb77 ./Source/FreeRTOS-Products/FreeRTOS-Plus-IO/Device/LPC17xx/FreeRTOS_lpc17xx_can.o
 .debug_line    0x00001e66      0xbaa ./Source/FreeRTOS-Products/FreeRTOS-Plus-IO/Device/LPC17xx/FreeRTOS_lpc17xx_i2c.o
 .debug_line    0x00002a10      0xb57 ./Source/FreeRTOS-Products/FreeRTOS-Plus-IO/Device/LPC17xx/FreeRTOS_lpc17xx_ssp.o
 .debug_line    0x00003567      0xb1a ./Source/FreeRTOS-Products/FreeRTOS-Plus-IO/Device/LPC17xx/FreeRTOS_lpc17xx_uart.o
 .debug_line    0x00004081      0x9a1 ./Source/FreeRTOS-Products/FreeRTOS-Plus-IO/Common/FreeRTOS_DriverInterface.o
 .debug_line    0x00004a22      0x6c4 ./Source/FreeRTOS-Products/FreeRTOS-Plus-IO/Common/FreeRTOS_IOUtils.o
 .debug_line    0x000050e6      0x793 ./Source/FreeRTOS-Products/FreeRTOS-Plus-IO/Common/IOUtils_CharQueueTxAndRx.o
 .debug_line    0x00005879      0x74c ./Source/FreeRTOS-Products/FreeRTOS-Plus-IO/Common/IOUtils_CircularBufferRx.o
 .debug_line    0x00005fc5      0x714 ./Source/FreeRTOS-Products/FreeRTOS-Plus-IO/Common/IOUtils_ZeroCopyTx.o
 .debug_line    0x000066d9      0x695 ./Source/FreeRTOS-Products/FreeRTOS-Plus-CLI/FreeRTOS_CLI.o
 .debug_line    0x00006d6e      0x68e ./Source/FreeRTOS-Products/FreeRTOS/croutine.o
 .debug_line    0x000073fc      0x5cf ./Source/FreeRTOS-Products/FreeRTOS/list.o
 .debug_line    0x000079cb      0xa14 ./Source/FreeRTOS-Products/FreeRTOS/queue.o
 .debug_line    0x000083df      0xd5d ./Source/FreeRTOS-Products/FreeRTOS/tasks.o
 .debug_line    0x0000913c      0x752 ./Source/FreeRTOS-Products/FreeRTOS/timers.o
 .debug_line    0x0000988e      0x59c ./Source/Examples/UART/newuart.o
 .debug_line    0x00009e2a      0x902 ./Source/Examples/GPIO/GPIO-output-and-software-timers.o
 .debug_line    0x0000a72c      0x8d8 ./Source/Examples/CAN/can.o
 .debug_line    0x0000b004      0x418 ./Source/cr_startup_lpc176x.o
 .debug_line    0x0000b41c      0x99f ./Source/main.o
 .debug_line    0x0000bdbb      0x46f ./Source/printf-stdarg.o
 .debug_line    0x0000c22a      0xeee C:\Documents and Settings\DESD30\My Documents\LPCXpresso_5.0.14_1109\sat_irq\lpc17xx.cmsis.driver.library\Debug\liblpc17xx.cmsis.driver.library.a(lpc17xx_can.o)
 .debug_line    0x0000d118      0x542 C:\Documents and Settings\DESD30\My Documents\LPCXpresso_5.0.14_1109\sat_irq\lpc17xx.cmsis.driver.library\Debug\liblpc17xx.cmsis.driver.library.a(lpc17xx_clkpwr.o)
 .debug_line    0x0000d65a      0x91e C:\Documents and Settings\DESD30\My Documents\LPCXpresso_5.0.14_1109\sat_irq\lpc17xx.cmsis.driver.library\Debug\liblpc17xx.cmsis.driver.library.a(lpc17xx_gpio.o)
 .debug_line    0x0000df78      0xb83 C:\Documents and Settings\DESD30\My Documents\LPCXpresso_5.0.14_1109\sat_irq\lpc17xx.cmsis.driver.library\Debug\liblpc17xx.cmsis.driver.library.a(lpc17xx_i2c.o)
 .debug_line    0x0000eafb      0x5b3 C:\Documents and Settings\DESD30\My Documents\LPCXpresso_5.0.14_1109\sat_irq\lpc17xx.cmsis.driver.library\Debug\liblpc17xx.cmsis.driver.library.a(lpc17xx_libcfg_default.o)
 .debug_line    0x0000f0ae      0x4da C:\Documents and Settings\DESD30\My Documents\LPCXpresso_5.0.14_1109\sat_irq\lpc17xx.cmsis.driver.library\Debug\liblpc17xx.cmsis.driver.library.a(lpc17xx_pinsel.o)
 .debug_line    0x0000f588      0xa03 C:\Documents and Settings\DESD30\My Documents\LPCXpresso_5.0.14_1109\sat_irq\lpc17xx.cmsis.driver.library\Debug\liblpc17xx.cmsis.driver.library.a(lpc17xx_ssp.o)
 .debug_line    0x0000ff8b      0xd6e C:\Documents and Settings\DESD30\My Documents\LPCXpresso_5.0.14_1109\sat_irq\lpc17xx.cmsis.driver.library\Debug\liblpc17xx.cmsis.driver.library.a(lpc17xx_uart.o)
 .debug_line    0x00010cf9      0x3f6 C:\Documents and Settings\DESD30\My Documents\LPCXpresso_5.0.14_1109\sat_irq\CMSISv2p00_LPC17xx\Debug\libCMSISv2p00_LPC17xx.a(system_LPC17xx.o)

.debug_macinfo  0x00000000   0x166725
 .debug_macinfo
                0x00000000     0x62bd ./Source/FreeRTOS-Products/FreeRTOS/portable/MemMang/heap_2.o
 .debug_macinfo
                0x000062bd     0x6289 ./Source/FreeRTOS-Products/FreeRTOS/portable/GCC/ARM_CM3/port.o
 .debug_macinfo
                0x0000c546     0x6ae8 ./Source/FreeRTOS-Products/FreeRTOS-Plus-IO/Device/LPC17xx/FreeRTOS_lpc17xx_DriverInterface.o
 .debug_macinfo
                0x0001302e    0x144d9 ./Source/FreeRTOS-Products/FreeRTOS-Plus-IO/Device/LPC17xx/FreeRTOS_lpc17xx_can.o
 .debug_macinfo
                0x00027507    0x143c8 ./Source/FreeRTOS-Products/FreeRTOS-Plus-IO/Device/LPC17xx/FreeRTOS_lpc17xx_i2c.o
 .debug_macinfo
                0x0003b8cf    0x144b8 ./Source/FreeRTOS-Products/FreeRTOS-Plus-IO/Device/LPC17xx/FreeRTOS_lpc17xx_ssp.o
 .debug_macinfo
                0x0004fd87    0x14410 ./Source/FreeRTOS-Products/FreeRTOS-Plus-IO/Device/LPC17xx/FreeRTOS_lpc17xx_uart.o
 .debug_macinfo
                0x00064197    0x13ecb ./Source/FreeRTOS-Products/FreeRTOS-Plus-IO/Common/FreeRTOS_DriverInterface.o
 .debug_macinfo
                0x00078062     0x9517 ./Source/FreeRTOS-Products/FreeRTOS-Plus-IO/Common/FreeRTOS_IOUtils.o
 .debug_macinfo